Component: ARM Compiler 5.06 update 5 (build 528) Tool: armlink [4d35e2]

==============================================================================

Section Cross References

    8700_2100.o(i.Init_8700_2100) refers to mpuiic.o(i.MPU_IIC_Init) for MPU_IIC_Init
    8700_2100.o(i.Init_8700_2100) refers to 8700_2100.o(i.Write_Byte_2100_8700) for Write_Byte_2100_8700
    8700_2100.o(i.Init_8700_2100) refers to lqled.o(i.time_delay_ms) for time_delay_ms
    8700_2100.o(i.Read_2100_8700) refers to 8700_2100.o(i.Read_Byte_2100_8700) for Read_Byte_2100_8700
    8700_2100.o(i.Read_Byte_2100_8700) refers to mpuiic.o(i.MPU_IIC_Start) for MPU_IIC_Start
    8700_2100.o(i.Read_Byte_2100_8700) refers to mpuiic.o(i.MPU_IIC_Send_Byte) for MPU_IIC_Send_Byte
    8700_2100.o(i.Read_Byte_2100_8700) refers to mpuiic.o(i.MPU_IIC_Wait_Ack) for MPU_IIC_Wait_Ack
    8700_2100.o(i.Read_Byte_2100_8700) refers to mpuiic.o(i.MPU_IIC_Read_Byte) for MPU_IIC_Read_Byte
    8700_2100.o(i.Read_Byte_2100_8700) refers to mpuiic.o(i.MPU_IIC_Stop) for MPU_IIC_Stop
    8700_2100.o(i.Test_2100_8700) refers to _printf_pad.o(.text) for _printf_pre_padding
    8700_2100.o(i.Test_2100_8700) refers to _printf_percent.o(.ARM.Collect$$_printf_percent$$00000000) for _printf_percent
    8700_2100.o(i.Test_2100_8700) refers to _printf_d.o(.ARM.Collect$$_printf_percent$$00000009) for _printf_d
    8700_2100.o(i.Test_2100_8700) refers to _printf_dec.o(.text) for _printf_int_dec
    8700_2100.o(i.Test_2100_8700) refers to rt_memcpy.o(.emb_text) for __aeabi_memcpy4
    8700_2100.o(i.Test_2100_8700) refers to 8700_2100.o(i.Init_8700_2100) for Init_8700_2100
    8700_2100.o(i.Test_2100_8700) refers to uart.o(i.uart_init) for uart_init
    8700_2100.o(i.Test_2100_8700) refers to lq12864.o(i.LCD_Init) for LCD_Init
    8700_2100.o(i.Test_2100_8700) refers to 8700_2100.o(i.Read_2100_8700) for Read_2100_8700
    8700_2100.o(i.Test_2100_8700) refers to noretval__2sprintf.o(.text) for __2sprintf
    8700_2100.o(i.Test_2100_8700) refers to lq12864.o(i.LCD_P6x8Str) for LCD_P6x8Str
    8700_2100.o(i.Test_2100_8700) refers to serial_oscilloscope.o(i.Data_Send) for Data_Send
    8700_2100.o(i.Test_2100_8700) refers to 8700_2100.o(.constdata) for .constdata
    8700_2100.o(i.Write_Byte_2100_8700) refers to mpuiic.o(i.MPU_IIC_Start) for MPU_IIC_Start
    8700_2100.o(i.Write_Byte_2100_8700) refers to mpuiic.o(i.MPU_IIC_Send_Byte) for MPU_IIC_Send_Byte
    8700_2100.o(i.Write_Byte_2100_8700) refers to mpuiic.o(i.MPU_IIC_Wait_Ack) for MPU_IIC_Wait_Ack
    8700_2100.o(i.Write_Byte_2100_8700) refers to mpuiic.o(i.MPU_IIC_Stop) for MPU_IIC_Stop
    isr.o(i.FTM0_IRQHandler) refers to ftm.o(.data) for FTMx
    isr.o(i.FTM1_IRQHandler) refers to ftm.o(.data) for FTMx
    isr.o(i.FTM2_IRQHandler) refers to ftm.o(.data) for FTMx
    isr.o(i.KBI0_IRQHandler) refers to lqled.o(i.LED_Ctrl) for LED_Ctrl
    isr.o(i.KBI1_IRQHandler) refers to lqled.o(i.LED_Ctrl) for LED_Ctrl
    isr.o(i.PIT_CH0_IRQHandler) refers to ftm.o(i.FTM_count_get) for FTM_count_get
    isr.o(i.PIT_CH0_IRQHandler) refers to dflti.o(.text) for __aeabi_i2d
    isr.o(i.PIT_CH0_IRQHandler) refers to ddiv.o(.text) for __aeabi_ddiv
    isr.o(i.PIT_CH0_IRQHandler) refers to daddsub.o(.text) for __aeabi_dadd
    isr.o(i.PIT_CH0_IRQHandler) refers to d2f.o(.text) for __aeabi_d2f
    isr.o(i.PIT_CH0_IRQHandler) refers to fflti.o(.text) for __aeabi_i2f
    isr.o(i.PIT_CH0_IRQHandler) refers to f2d.o(.text) for __aeabi_f2d
    isr.o(i.PIT_CH0_IRQHandler) refers to dmul.o(.text) for __aeabi_dmul
    isr.o(i.PIT_CH0_IRQHandler) refers to deal.o(i.DirectionControl) for DirectionControl
    isr.o(i.PIT_CH0_IRQHandler) refers to deal.o(.bss) for kp
    isr.o(i.RTC_IRQHandler) refers to _printf_pad.o(.text) for _printf_pre_padding
    isr.o(i.RTC_IRQHandler) refers to _printf_percent.o(.ARM.Collect$$_printf_percent$$00000000) for _printf_percent
    isr.o(i.RTC_IRQHandler) refers to _printf_d.o(.ARM.Collect$$_printf_percent$$00000009) for _printf_d
    isr.o(i.RTC_IRQHandler) refers to _printf_dec.o(.text) for _printf_int_dec
    isr.o(i.RTC_IRQHandler) refers to rt_memcpy.o(.emb_text) for __aeabi_memcpy4
    isr.o(i.RTC_IRQHandler) refers to lqled.o(i.LED_Ctrl) for LED_Ctrl
    isr.o(i.RTC_IRQHandler) refers to noretval__2sprintf.o(.text) for __2sprintf
    isr.o(i.RTC_IRQHandler) refers to lq12864.o(i.LCD_P6x8Str) for LCD_P6x8Str
    isr.o(i.RTC_IRQHandler) refers to isr.o(.constdata) for .constdata
    isr.o(i.RTC_IRQHandler) refers to isr.o(.data) for Sec
    isr.o(i.UART0_IRQHandler) refers to _printf_percent.o(.ARM.Collect$$_printf_percent$$00000000) for _printf_percent
    isr.o(i.UART0_IRQHandler) refers to _printf_c.o(.ARM.Collect$$_printf_percent$$00000013) for _printf_c
    isr.o(i.UART0_IRQHandler) refers to _printf_str.o(.text) for _printf_str
    isr.o(i.UART0_IRQHandler) refers to uart.o(i.Uart_GetChar) for Uart_GetChar
    isr.o(i.UART0_IRQHandler) refers to noretval__2sprintf.o(.text) for __2sprintf
[...]
    Removing main.o(.revsh_text), (4 bytes).
    Removing main.o(i.min), (344 bytes).
    Removing main.o(.data), (90 bytes).
    Removing mpu6050.o(.rev16_text), (4 bytes).
    Removing mpu6050.o(.revsh_text), (4 bytes).
    Removing mpu6050.o(i.MPU_Get_Accelerometer), (78 bytes).
    Removing mpu6050.o(i.MPU_Get_Gyroscope), (78 bytes).
    Removing mpu6050.o(i.MPU_Get_Temperature), (104 bytes).
    Removing mpu6050.o(i.MPU_Init), (122 bytes).
    Removing mpu6050.o(i.MPU_Read_Byte), (58 bytes).
    Removing mpu6050.o(i.MPU_Read_Len), (108 bytes).
    Removing mpu6050.o(i.MPU_Set_Accel_Fsr), (16 bytes).
    Removing mpu6050.o(i.MPU_Set_Gyro_Fsr), (16 bytes).
    Removing mpu6050.o(i.MPU_Set_LPF), (58 bytes).
    Removing mpu6050.o(i.MPU_Set_Rate), (60 bytes).
    Removing mpu6050.o(i.MPU_Write_Byte), (72 bytes).
    Removing mpu6050.o(i.MPU_Write_Len), (94 bytes).
    Removing mpu6050.o(i.TestMPU6050), (308 bytes).
    Removing mpu6050.o(.constdata), (30 bytes).
    Removing mpuiic.o(.rev16_text), (4 bytes).
    Removing mpuiic.o(.revsh_text), (4 bytes).
    Removing mpuiic.o(i.MPU_IIC_Ack), (84 bytes).
    Removing mpuiic.o(i.MPU_IIC_Delay), (2 bytes).
    Removing mpuiic.o(i.MPU_IIC_Init), (44 bytes).
    Removing mpuiic.o(i.MPU_IIC_NAck), (88 bytes).
    Removing mpuiic.o(i.MPU_IIC_Read_Byte), (108 bytes).
    Removing mpuiic.o(i.MPU_IIC_Send_Byte), (116 bytes).
    Removing mpuiic.o(i.MPU_IIC_Start), (84 bytes).
    Removing mpuiic.o(i.MPU_IIC_Stop), (84 bytes).
    Removing mpuiic.o(i.MPU_IIC_Wait_Ack), (92 bytes).
    Removing serial_oscilloscope.o(.rev16_text), (4 bytes).
    Removing serial_oscilloscope.o(.revsh_text), (4 bytes).
    Removing serial_oscilloscope.o(i.Data_Send), (316 bytes).
    Removing serial_oscilloscope.o(.bss), (23 bytes).
    Removing adc.o(.rev16_text), (4 bytes).
    Removing adc.o(.revsh_text), (4 bytes).
    Removing adc.o(i.TestADC), (200 bytes).
    Removing adc.o(i.adc_ave), (44 bytes).
    Removing adc.o(i.adc_sum), (34 bytes).
    Removing adc.o(.constdata), (30 bytes).
    Removing crc.o(.rev16_text), (4 bytes).
    Removing crc.o(.revsh_text), (4 bytes).
    Removing crc.o(i.CRC_Cal16), (108 bytes).
    Removing crc.o(i.CRC_Cal32), (128 bytes).
    Removing crc.o(i.CRC_DeInit), (64 bytes).
    Removing crc.o(i.CRC_Init), (108 bytes).
    Removing ftm.o(.rev16_text), (4 bytes).
    Removing ftm.o(.revsh_text), (4 bytes).
    Removing ftm.o(i.FTM_ChannelInit), (604 bytes).
    Removing ftm.o(i.FTM_GetCounterValue), (20 bytes).
    Removing ftm.o(i.FTM_Init), (324 bytes).
    Removing ftm.o(i.FTM_InputCaptureFilterClr), (32 bytes).
    Removing ftm.o(i.FTM_InputCaptureFilterSet), (52 bytes).
    Removing ftm.o(i.FTM_InputCaptureInit), (172 bytes).
    Removing ftm.o(i.FTM_SetCounterInitValue), (56 bytes).
    Removing ftm.o(i.FTM_SetLoadEnable), (32 bytes).
    Removing ftm.o(i.FTM_SetLoadMatchChannel), (32 bytes).
    Removing ftm.o(i.FTM_count_clean), (16 bytes).
    Removing ftm.o(i.FTM_count_init), (240 bytes).
    Removing ftm.o(i.NVIC_EnableIRQ), (20 bytes).
    Removing ftm.o(i.TestFTM_InputCapture), (92 bytes).
    Removing ftm.o(i.TestFTM_PWM), (400 bytes).
    Removing ftm.o(.constdata), (30 bytes).
    Removing gpio.o(.rev16_text), (4 bytes).
    Removing gpio.o(.revsh_text), (4 bytes).
    Removing gpio.o(i.gpio_get), (28 bytes).
    Removing i2c.o(.rev16_text), (4 bytes).
    Removing i2c.o(.revsh_text), (4 bytes).
    Removing i2c.o(i.I2C0_Isr), (24 bytes).
    Removing i2c.o(i.I2C0_SetCallBack), (12 bytes).
    Removing i2c.o(i.I2C1_Isr), (24 bytes).
    Removing i2c.o(i.I2C1_SetCallBack), (12 bytes).
    Removing i2c.o(i.I2C_ClearStatus), (8 bytes).
    Removing i2c.o(i.I2C_Deinit), (52 bytes).
    Removing i2c.o(i.I2C_GetStatus), (6 bytes).
    Removing i2c.o(i.I2C_Init), (272 bytes).
    Removing i2c.o(i.I2C_IntDisable), (48 bytes).
    Removing i2c.o(i.I2C_IntEnable), (48 bytes).
    Removing i2c.o(i.I2C_IsBusy), (10 bytes).
    Removing i2c.o(i.I2C_MasterReadWait), (104 bytes).
    Removing i2c.o(i.I2C_MasterSendWait), (76 bytes).
    Removing i2c.o(i.I2C_ReadOneByte), (156 bytes).
    Removing i2c.o(i.I2C_RepeatStart), (60 bytes).
    Removing i2c.o(i.I2C_SetSCLLowTimeout), (8 bytes).
    Removing i2c.o(i.I2C_SetSlaveAddress), (22 bytes).
    Removing i2c.o(i.I2C_Start), (60 bytes).
    Removing i2c.o(i.I2C_Stop), (56 bytes).
    Removing i2c.o(i.I2C_TxEnable), (10 bytes).
    Removing i2c.o(i.I2C_WriteOneByte), (136 bytes).
    Removing i2c.o(i.NVIC_DisableIRQ), (20 bytes).
    Removing i2c.o(i.NVIC_EnableIRQ), (20 bytes).
    Removing i2c.o(.data), (8 bytes).
    Removing kbi.o(.rev16_text), (4 bytes).
    Removing kbi.o(.revsh_text), (4 bytes).
    Removing kbi.o(i.KBI_Disable), (36 bytes).
    Removing kbi.o(i.KBI_Enable), (52 bytes).
    Removing kbi.o(i.KBI_Init), (400 bytes).
    Removing kbi.o(i.NVIC_EnableIRQ), (20 bytes).
    Removing kbi.o(i.TestKBI), (44 bytes).
    Removing kbi.o(.data), (8 bytes).
    Removing mscan.o(.rev16_text), (4 bytes).
    Removing mscan.o(.revsh_text), (4 bytes).
    Removing mscan.o(i.CAN_DeInit), (52 bytes).
    Removing mscan.o(i.CAN_Enable), (10 bytes).
    Removing mscan.o(i.CAN_EnterSleep), (70 bytes).
    Removing mscan.o(i.CAN_Init), (844 bytes).
    Removing mscan.o(i.CAN_InitialModeReq), (10 bytes).
    Removing mscan.o(i.CAN_IsInitialMode), (10 bytes).
    Removing mscan.o(i.CAN_LaunchInitialRequest), (26 bytes).
    Removing mscan.o(i.CAN_LoadOneFrameToBuff), (72 bytes).
    Removing mscan.o(i.CAN_ReadOneFrameFromBuff), (232 bytes).
    Removing mscan.o(i.CAN_WakeUpEn), (10 bytes).
    Removing mscan.o(i.CAN_WakeUpFromSleep), (32 bytes).
    Removing mscan.o(i.CAN_WakeUpIntEn), (10 bytes).
    Removing mscan.o(i.MSCAN_RxIsr), (24 bytes).
    Removing mscan.o(i.MSCAN_SetRxCallBack), (12 bytes).
    Removing mscan.o(i.MSCAN_SetTxCallBack), (12 bytes).
    Removing mscan.o(i.MSCAN_TxIsr), (24 bytes).
    Removing mscan.o(i.NVIC_EnableIRQ), (20 bytes).
    Removing mscan.o(.data), (8 bytes).
    Removing pit.o(.rev16_text), (4 bytes).
    Removing pit.o(.revsh_text), (4 bytes).
    Removing pit.o(i.NVIC_EnableIRQ), (20 bytes).
    Removing pit.o(i.PIT_Init), (136 bytes).
    Removing pit.o(i.TestPIT), (32 bytes).
    Removing pmc.o(.rev16_text), (4 bytes).
    Removing pmc.o(.revsh_text), (4 bytes).
    Removing pmc.o(i.PMC_DeInit), (10 bytes).
    Removing pmc.o(i.PMC_Init), (10 bytes).
    Removing pmc.o(i.PMC_SetMode), (70 bytes).
    Removing pwt.o(.rev16_text), (4 bytes).
    Removing pwt.o(.revsh_text), (4 bytes).
    Removing pwt.o(i.NVIC_DisableIRQ), (20 bytes).
    Removing pwt.o(i.PWT_DeInit), (196 bytes).
    Removing pwt.o(i.PWT_Init), (240 bytes).
    Removing pwt.o(i.PWT_Isr), (24 bytes).
    Removing pwt.o(i.PWT_SetCallback), (12 bytes).
    Removing pwt.o(.data), (4 bytes).
    Removing rtc.o(.rev16_text), (4 bytes).
    Removing rtc.o(.revsh_text), (4 bytes).
    Removing rtc.o(i.RTC_Init), (168 bytes).
    Removing rtc.o(i.TestRTC), (34 bytes).
    Removing spi.o(.rev16_text), (4 bytes).
    Removing spi.o(.revsh_text), (4 bytes).
    Removing spi.o(i.NVIC_EnableIRQ), (20 bytes).
    Removing spi.o(i.SPI0_Isr), (24 bytes).
    Removing spi.o(i.SPI1_Isr), (24 bytes).
    Removing spi.o(i.SPI_DeInit), (26 bytes).
    Removing spi.o(i.SPI_Init), (504 bytes).
    Removing spi.o(i.SPI_ModfEnable), (10 bytes).
    Removing spi.o(i.SPI_SetBaudRate), (106 bytes).
    Removing spi.o(i.SPI_SetCallback), (60 bytes).
    Removing spi.o(i.SPI_TransferWait), (70 bytes).
    Removing spi.o(.data), (8 bytes).
    Removing uart.o(.rev16_text), (4 bytes).
    Removing uart.o(.revsh_text), (4 bytes).
    Removing uart.o(i.NVIC_DisableIRQ), (20 bytes).
    Removing uart.o(i.NVIC_EnableIRQ), (20 bytes).
    Removing uart.o(i.TestUART012), (62 bytes).
    Removing uart.o(i.uart_disable_re_int), (64 bytes).
    Removing uart.o(i.uart_enable_re_int), (64 bytes).
    Removing wdog.o(.rev16_text), (4 bytes).
    Removing wdog.o(.revsh_text), (4 bytes).
    Removing wdog.o(i.WDOG_DeInit), (40 bytes).
    Removing wdog.o(i.WDOG_Disable), (56 bytes).
    Removing wdog.o(i.WDOG_DisableUpdate), (56 bytes).
    Removing wdog.o(i.WDOG_DisableWDOGEnableUpdate), (60 bytes).
    Removing wdog.o(i.WDOG_Enable), (36 bytes).
    Removing wdog.o(i.WDOG_EnableUpdate), (52 bytes).
    Removing wdog.o(i.WDOG_Feed), (28 bytes).
    Removing wdog.o(i.WDOG_Init), (180 bytes).
    Removing systick.o(.rev16_text), (4 bytes).
    Removing systick.o(.revsh_text), (4 bytes).
    Removing systick.o(i.DELAY_us), (22 bytes).
    Removing systick.o(i.cal_systick_read_overhead), (24 bytes).
    Removing systick.o(i.systick_disable), (20 bytes).
    Removing systick.o(i.systick_init), (24 bytes).
    Removing systick.o(.data), (12 bytes).
    Removing arm_cm0.o(.rev16_text), (4 bytes).
    Removing arm_cm0.o(.revsh_text), (4 bytes).
    Removing arm_cm0.o(i.stop), (20 bytes).
    Removing arm_cm0.o(i.wait), (20 bytes).
    Removing arm_cm0.o(i.write_vtor), (12 bytes).
    Removing assert.o(.rev16_text), (4 bytes).
    Removing assert.o(.revsh_text), (4 bytes).
    Removing assert.o(.constdata), (35 bytes).
    Removing system_skeaz1284.o(.rev16_text), (4 bytes).
    Removing system_skeaz1284.o(.revsh_text), (4 bytes).
    Removing system_skeaz1284.o(i.SystemCoreClockUpdate), (180 bytes).
    Removing system_skeaz1284.o(.data), (4 bytes).
    Removing deal.o(.rev16_text), (4 bytes).
    Removing deal.o(.revsh_text), (4 bytes).
    Removing getsig.o(.rev16_text), (4 bytes).
    Removing getsig.o(.revsh_text), (4 bytes).
    Removing motor.o(.rev16_text), (4 bytes).
    Removing motor.o(.revsh_text), (4 bytes).
    Removing system.o(.rev16_text), (4 bytes).
    Removing system.o(.revsh_text), (4 bytes).
    Removing system.o(i.DATAinit), (144 bytes).
    Removing system.o(i.SystermInit), (188 bytes).
    Removing system.o(i.abs), (14 bytes).
    Removing system.o(i.abs_f), (28 bytes).
    Removing system.o(.data), (300 bytes).
    Removing spit.o(.rev16_text), (4 bytes).
    Removing spit.o(.revsh_text), (4 bytes).
    Removing bt.o(.rev16_text), (4 bytes).
    Removing bt.o(.revsh_text), (4 bytes).
    Removing bt.o(i.BT_send), (2 bytes).

241 unused section(s) (total 15184 bytes) removed from the image.

==============================================================================

Image Symbol Table

    Local Symbols

    Symbol Name                              Value     Ov Type        Size  Object(Section)

    RESET                                    0x00000000   Section      192  startup_skeaz1284.o(RESET)
    ../clib/angel/boardlib.s                 0x00000000   Number         0  boardinit3.o ABSOLUTE
    ../clib/angel/boardlib.s                 0x00000000   Number         0  boardshut.o ABSOLUTE
    ../clib/angel/boardlib.s                 0x00000000   Number         0  boardinit1.o ABSOLUTE
    ../clib/angel/boardlib.s                 0x00000000   Number         0  boardinit2.o ABSOLUTE
    ../clib/angel/handlers.s                 0x00000000   Number         0  __scatter_copy.o ABSOLUTE
    ../clib/angel/handlers.s                 0x00000000   Number         0  __scatter_zi.o ABSOLUTE
    ../clib/angel/kernel.s                   0x00000000   Number         0  __rtentry2.o ABSOLUTE
    ../clib/angel/kernel.s                   0x00000000   Number         0  rtexit.o ABSOLUTE
    ../clib/angel/kernel.s                   0x00000000   Number         0  __rtentry.o ABSOLUTE
    ../clib/angel/kernel.s                   0x00000000   Number         0  rtexit2.o ABSOLUTE
    ../clib/angel/kernel.s                   0x00000000   Number         0  __rtentry4.o ABSOLUTE
    ../clib/angel/rt.s                       0x00000000   Number         0  aeabi_idiv0.o ABSOLUTE
    ../clib/angel/rt.s                       0x00000000   Number         0  aeabi_idiv0_sigfpe.o ABSOLUTE
    ../clib/angel/rt.s                       0x00000000   Number         0  rt_raise.o ABSOLUTE
    ../clib/angel/rt.s                       0x00000000   Number         0  rt_div0.o ABSOLUTE
    ../clib/angel/scatterp.s                 0x00000000   Number         0  __scatter.o ABSOLUTE
    ../clib/angel/startup.s                  0x00000000   Number         0  __main.o ABSOLUTE
    ../clib/angel/sys.s                      0x00000000   Number         0  sys_stackheap_outer.o ABSOLUTE
    ../clib/angel/sys.s                      0x00000000   Number         0  tempstk.o ABSOLUTE
    ../clib/angel/sys.s                      0x00000000   Number         0  libspace.o ABSOLUTE
    ../clib/angel/sys.s                      0x00000000   Number         0  use_no_semi.o ABSOLUTE
    ../clib/angel/sys.s                      0x00000000   Number         0  indicate_semi.o ABSOLUTE
    ../clib/angel/sysapp.c                   0x00000000   Number         0  sys_wrch.o ABSOLUTE
    ../clib/angel/sysapp.c                   0x00000000   Number         0  sys_command.o ABSOLUTE
    ../clib/angel/sysapp.c                   0x00000000   Number         0  sys_exit.o ABSOLUTE
    ../clib/armsys.c                         0x00000000   Number         0  argv_veneer.o ABSOLUTE
    ../clib/armsys.c                         0x00000000   Number         0  no_argv.o ABSOLUTE
    ../clib/armsys.c                         0x00000000   Number         0  _get_argv_nomalloc.o ABSOLUTE
    ../clib/division.c                       0x00000000   Number         0  rtudiv10.o ABSOLUTE
    ../clib/division.s                       0x00000000   Number         0  aeabi_sdiv_div0.o ABSOLUTE
    ../clib/division.s                       0x00000000   Number         0  aeabi_sdiv.o ABSOLUTE
    ../clib/heapalloc.c                      0x00000000   Number         0  hrguard.o ABSOLUTE
    ../clib/heapaux.c                        0x00000000   Number         0  heapauxi.o ABSOLUTE
    ../clib/libinit.s                        0x00000000   Number         0  libinit2.o ABSOLUTE
    ../clib/libinit.s                        0x00000000   Number         0  libshutdown2.o ABSOLUTE
    ../clib/libinit.s                        0x00000000   Number         0  libshutdown.o ABSOLUTE
    ../clib/libinit.s                        0x00000000   Number         0  libinit.o ABSOLUTE
    ../clib/memcpset.c                       0x00000000   Number         0  rt_memcpy.o ABSOLUTE
    ../clib/memcpset.c                       0x00000000   Number         0  rt_memcpy.o ABSOLUTE
    ../clib/memcpset.c                       0x00000000   Number         0  rt_memclr.o ABSOLUTE
    ../clib/misc.s                           0x00000000   Number         0  printf_stubs.o ABSOLUTE
    ../clib/printf.c                         0x00000000   Number         0  __printf_nopercent.o ABSOLUTE
    ../clib/printf.c                         0x00000000   Number         0  __printf_flags_ss_wp.o ABSOLUTE
    ../clib/printf.c                         0x00000000   Number         0  __printf_ss_wp.o ABSOLUTE
    ../clib/printf.c                         0x00000000   Number         0  __printf_flags_wp.o ABSOLUTE
    ../clib/printf.c                         0x00000000   Number         0  __printf_wp.o ABSOLUTE
    ../clib/printf.c                         0x00000000   Number         0  __printf_flags_ss.o ABSOLUTE
    ../clib/printf.c                         0x00000000   Number         0  __printf_flags.o ABSOLUTE
    ../clib/printf.c                         0x00000000   Number         0  __2sprintf.o ABSOLUTE
    ../clib/printf.c                         0x00000000   Number         0  _printf_intcommon.o ABSOLUTE
    ../clib/printf.c                         0x00000000   Number         0  _printf_dec.o ABSOLUTE
    ../clib/printf.c                         0x00000000   Number         0  _printf_char_common.o ABSOLUTE
    ../clib/printf.c                         0x00000000   Number         0  _printf_str.o ABSOLUTE
    ../clib/printf.c                         0x00000000   Number         0  _printf_pad.o ABSOLUTE
    ../clib/printf.c                         0x00000000   Number         0  _sputc.o ABSOLUTE
    ../clib/printf.c                         0x00000000   Number         0  _printf_char.o ABSOLUTE
    ../clib/printf.c                         0x00000000   Number         0  __printf_ss.o ABSOLUTE
    ../clib/printf.c                         0x00000000   Number         0  __printf.o ABSOLUTE
    ../clib/printf.c                         0x00000000   Number         0  noretval__2sprintf.o ABSOLUTE
    ../clib/printf_percent.s                 0x00000000   Number         0  _printf_percent.o ABSOLUTE
    ../clib/printf_percent.s                 0x00000000   Number         0  _printf_percent_end.o ABSOLUTE
    ../clib/printf_percent.s                 0x00000000   Number         0  _printf_c.o ABSOLUTE
    ../clib/printf_percent.s                 0x00000000   Number         0  _printf_d.o ABSOLUTE
    ../clib/signal.c                         0x00000000   Number         0  defsig_fpe_outer.o ABSOLUTE
    ../clib/signal.c                         0x00000000   Number         0  defsig_other.o ABSOLUTE
    ../clib/signal.c                         0x00000000   Number         0  defsig_segv_inner.o ABSOLUTE
    ../clib/signal.c                         0x00000000   Number         0  defsig_cppl_inner.o ABSOLUTE
    ../clib/signal.c                         0x00000000   Number         0  defsig_pvfn_inner.o ABSOLUTE
    ../clib/signal.c                         0x00000000   Number         0  defsig_stak_inner.o ABSOLUTE
    ../clib/signal.c                         0x00000000   Number         0  defsig_rtmem_formal.o ABSOLUTE
    ../clib/signal.c                         0x00000000   Number         0  defsig_rtmem_outer.o ABSOLUTE
    ../clib/signal.c                         0x00000000   Number         0  defsig_rtmem_inner.o ABSOLUTE
    ../clib/signal.c                         0x00000000   Number         0  defsig_rtred_inner.o ABSOLUTE
    ../clib/signal.c                         0x00000000   Number         0  defsig_abrt_inner.o ABSOLUTE
    ../clib/signal.c                         0x00000000   Number         0  __raise.o ABSOLUTE
    ../clib/signal.c                         0x00000000   Number         0  defsig_fpe_formal.o ABSOLUTE
    ../clib/signal.c                         0x00000000   Number         0  defsig_general.o ABSOLUTE
    ../clib/signal.c                         0x00000000   Number         0  defsig_fpe_inner.o ABSOLUTE
    ../clib/signal.c                         0x00000000   Number         0  defsig_exit.o ABSOLUTE
    ../clib/signal.s                         0x00000000   Number         0  defsig.o ABSOLUTE
    ../clib/stdlib.c                         0x00000000   Number         0  exit.o ABSOLUTE
    ../fplib/cfplib/cmpret.c                 0x00000000   Number         0  cmpret.o ABSOLUTE
    ../fplib/cfplib/d2f.c                    0x00000000   Number         0  d2f.o ABSOLUTE
    ../fplib/cfplib/daddsub.c                0x00000000   Number         0  daddsub.o ABSOLUTE
    ../fplib/cfplib/ddiv.c                   0x00000000   Number         0  ddiv.o ABSOLUTE
    ../fplib/cfplib/dmul.c                   0x00000000   Number         0  dmul.o ABSOLUTE
    ../fplib/cfplib/f2d.c                    0x00000000   Number         0  f2d.o ABSOLUTE
    ../fplib/cfplib/fcmpin.c                 0x00000000   Number         0  fcmpin.o ABSOLUTE
    ../fplib/cfplib/ffix.c                   0x00000000   Number         0  ffixi.o ABSOLUTE
    ../fplib/cfplib/ffix.c                   0x00000000   Number         0  ffixui.o ABSOLUTE
    ../fplib/cfplib/fflt.c                   0x00000000   Number         0  fflti.o ABSOLUTE
    ../fplib/cfplib/fflt.c                   0x00000000   Number         0  dflti.o ABSOLUTE
    ../fplib/cfplib/fpinit.c                 0x00000000   Number         0  fpinit.o ABSOLUTE
    ../fplib/cfplib/nan2.c                   0x00000000   Number         0  fnan2.o ABSOLUTE
    ../fplib/cfplib/retnan.c                 0x00000000   Number         0  retnan.o ABSOLUTE
    ../fplib/faddsub6m.s                     0x00000000   Number         0  faddsub.o ABSOLUTE
    ../fplib/fmul6m.s                        0x00000000   Number         0  fmul.o ABSOLUTE
    ../fplib/frleqf6m.s                      0x00000000   Number         0  frlef.o ABSOLUTE
    ../fplib/usenofp.s                       0x00000000   Number         0  usenofp.o ABSOLUTE
    RAbuild\Motor.c                          0x00000000   Number         0  motor.o ABSOLUTE
    RAbuild\System.c                         0x00000000   Number         0  system.o ABSOLUTE
    RAbuild\\Motor.c                         0x00000000   Number         0  motor.o ABSOLUTE
    RAbuild\\System.c                        0x00000000   Number         0  system.o ABSOLUTE
    RAbuild\\bt.c                            0x00000000   Number         0  bt.o ABSOLUTE
    RAbuild\\deal.c                          0x00000000   Number         0  deal.o ABSOLUTE
    RAbuild\\getsig.c                        0x00000000   Number         0  getsig.o ABSOLUTE
    RAbuild\\spit.c                          0x00000000   Number         0  spit.o ABSOLUTE
    RAbuild\bt.c                             0x00000000   Number         0  bt.o ABSOLUTE
    RAbuild\deal.c                           0x00000000   Number         0  deal.o ABSOLUTE
    RAbuild\getsig.c                         0x00000000   Number         0  getsig.o ABSOLUTE
    RAbuild\spit.c                           0x00000000   Number         0  spit.o ABSOLUTE
    RTE\Device\SKEAZ128xxx4\startup_SKEAZ1284.s 0x00000000   Number         0  startup_skeaz1284.o ABSOLUTE
    common\\assert.c                         0x00000000   Number         0  assert.o ABSOLUTE
    common\assert.c                          0x00000000   Number         0  assert.o ABSOLUTE
    cpu\\arm_cm0.c                           0x00000000   Number         0  arm_cm0.o ABSOLUTE
    cpu\\system_SKEAZ1284.c                  0x00000000   Number         0  system_skeaz1284.o ABSOLUTE
    cpu\arm_cm0.c                            0x00000000   Number         0  arm_cm0.o ABSOLUTE
    cpu\system_SKEAZ1284.c                   0x00000000   Number         0  system_skeaz1284.o ABSOLUTE
    dc.s                                     0x00000000   Number         0  dc.o ABSOLUTE
    drivers\\adc.c                           0x00000000   Number         0  adc.o ABSOLUTE
    drivers\\crc.c                           0x00000000   Number         0  crc.o ABSOLUTE
    drivers\\ftm.c                           0x00000000   Number         0  ftm.o ABSOLUTE
    drivers\\gpio.c                          0x00000000   Number         0  gpio.o ABSOLUTE
    drivers\\i2c.c                           0x00000000   Number         0  i2c.o ABSOLUTE
    drivers\\kbi.c                           0x00000000   Number         0  kbi.o ABSOLUTE
    drivers\\mscan.c                         0x00000000   Number         0  mscan.o ABSOLUTE
    drivers\\pit.c                           0x00000000   Number         0  pit.o ABSOLUTE
    drivers\\pmc.c                           0x00000000   Number         0  pmc.o ABSOLUTE
    drivers\\pwt.c                           0x00000000   Number         0  pwt.o ABSOLUTE
    drivers\\rtc.c                           0x00000000   Number         0  rtc.o ABSOLUTE
    drivers\\spi.c                           0x00000000   Number         0  spi.o ABSOLUTE
    drivers\\systick.c                       0x00000000   Number         0  systick.o ABSOLUTE
    drivers\\uart.c                          0x00000000   Number         0  uart.o ABSOLUTE
    drivers\\wdog.c                          0x00000000   Number         0  wdog.o ABSOLUTE
    drivers\adc.c                            0x00000000   Number         0  adc.o ABSOLUTE
    drivers\crc.c                            0x00000000   Number         0  crc.o ABSOLUTE
    drivers\ftm.c                            0x00000000   Number         0  ftm.o ABSOLUTE
    drivers\gpio.c                           0x00000000   Number         0  gpio.o ABSOLUTE
    drivers\i2c.c                            0x00000000   Number         0  i2c.o ABSOLUTE
    drivers\kbi.c                            0x00000000   Number         0  kbi.o ABSOLUTE
    drivers\mscan.c                          0x00000000   Number         0  mscan.o ABSOLUTE
    drivers\pit.c                            0x00000000   Number         0  pit.o ABSOLUTE
    drivers\pmc.c                            0x00000000   Number         0  pmc.o ABSOLUTE
    drivers\pwt.c                            0x00000000   Number         0  pwt.o ABSOLUTE
    drivers\rtc.c                            0x00000000   Number         0  rtc.o ABSOLUTE
    drivers\spi.c                            0x00000000   Number         0  spi.o ABSOLUTE
    drivers\systick.c                        0x00000000   Number         0  systick.o ABSOLUTE
    drivers\uart.c                           0x00000000   Number         0  uart.o ABSOLUTE
    drivers\wdog.c                           0x00000000   Number         0  wdog.o ABSOLUTE
    user\8700_2100.c                         0x00000000   Number         0  8700_2100.o ABSOLUTE
    user\LQ12864.c                           0x00000000   Number         0  lq12864.o ABSOLUTE
    user\LQKEY.c                             0x00000000   Number         0  lqkey.o ABSOLUTE
    user\LQLED.c                             0x00000000   Number         0  lqled.o ABSOLUTE
    user\MPU6050.c                           0x00000000   Number         0  mpu6050.o ABSOLUTE
    user\MPUIIC.c                            0x00000000   Number         0  mpuiic.o ABSOLUTE
    user\Serial_oscilloscope.c               0x00000000   Number         0  serial_oscilloscope.o ABSOLUTE
    user\\8700_2100.c                        0x00000000   Number         0  8700_2100.o ABSOLUTE
    user\\LQ12864.c                          0x00000000   Number         0  lq12864.o ABSOLUTE
    user\\LQKEY.c                            0x00000000   Number         0  lqkey.o ABSOLUTE
    user\\LQLED.c                            0x00000000   Number         0  lqled.o ABSOLUTE
    user\\MPU6050.c                          0x00000000   Number         0  mpu6050.o ABSOLUTE
    user\\MPUIIC.c                           0x00000000   Number         0  mpuiic.o ABSOLUTE
    user\\Serial_oscilloscope.c              0x00000000   Number         0  serial_oscilloscope.o ABSOLUTE
    user\\isr.c                              0x00000000   Number         0  isr.o ABSOLUTE
    user\\main.c                             0x00000000   Number         0  main.o ABSOLUTE
    user\isr.c                               0x00000000   Number         0  isr.o ABSOLUTE
    user\main.c                              0x00000000   Number         0  main.o ABSOLUTE
    !!!main                                  0x000000c0   Section        8  __main.o(!!!main)
    !!!scatter                               0x000000c8   Section       60  __scatter.o(!!!scatter)
    !!handler_copy                           0x00000104   Section       26  __scatter_copy.o(!!handler_copy)
    !!handler_zi                             0x00000120   Section       28  __scatter_zi.o(!!handler_zi)
    .ARM.Collect$$_printf_percent$$00000000  0x0000013c   Section        2  _printf_percent.o(.ARM.Collect$$_printf_percent$$00000000)
    .ARM.Collect$$_printf_percent$$00000009  0x0000013e   Section       10  _printf_d.o(.ARM.Collect$$_printf_percent$$00000009)
    .ARM.Collect$$_printf_percent$$00000013  0x00000148   Section       10  _printf_c.o(.ARM.Collect$$_printf_percent$$00000013)
    .ARM.Collect$$_printf_percent$$00000017  0x00000152   Section        4  _printf_percent_end.o(.ARM.Collect$$_printf_percent$$00000017)
    .ARM.Collect$$libinit$$00000000          0x00000156   Section        2  libinit.o(.ARM.Collect$$libinit$$00000000)
    .ARM.Collect$$libinit$$00000002          0x00000158   Section        0  libinit2.o(.ARM.Collect$$libinit$$00000002)
    .ARM.Collect$$libinit$$00000004          0x00000158   Section        0  libinit2.o(.ARM.Collect$$libinit$$00000004)
    .ARM.Collect$$libinit$$0000000A          0x00000158   Section        0  libinit2.o(.ARM.Collect$$libinit$$0000000A)
    .ARM.Collect$$libinit$$0000000C          0x00000158   Section        0  libinit2.o(.ARM.Collect$$libinit$$0000000C)
    .ARM.Collect$$libinit$$0000000E          0x00000158   Section        0  libinit2.o(.ARM.Collect$$libinit$$0000000E)
    .ARM.Collect$$libinit$$00000011          0x00000158   Section        0  libinit2.o(.ARM.Collect$$libinit$$00000011)
    .ARM.Collect$$libinit$$00000013          0x00000158   Section        0  libinit2.o(.ARM.Collect$$libinit$$00000013)
    .ARM.Collect$$libinit$$00000015          0x00000158   Section        0  libinit2.o(.ARM.Collect$$libinit$$00000015)
    .ARM.Collect$$libinit$$00000017          0x00000158   Section        0  libinit2.o(.ARM.Collect$$libinit$$00000017)
    .ARM.Collect$$libinit$$00000019          0x00000158   Section        0  libinit2.o(.ARM.Collect$$libinit$$00000019)
    .ARM.Collect$$libinit$$0000001B          0x00000158   Section        0  libinit2.o(.ARM.Collect$$libinit$$0000001B)
    .ARM.Collect$$libinit$$0000001D          0x00000158   Section        0  libinit2.o(.ARM.Collect$$libinit$$0000001D)
    .ARM.Collect$$libinit$$0000001F          0x00000158   Section        0  libinit2.o(.ARM.Collect$$libinit$$0000001F)
    .ARM.Collect$$libinit$$00000021          0x00000158   Section        0  libinit2.o(.ARM.Collect$$libinit$$00000021)
    .ARM.Collect$$libinit$$00000023          0x00000158   Section        0  libinit2.o(.ARM.Collect$$libinit$$00000023)
    .ARM.Collect$$libinit$$00000025          0x00000158   Section        0  libinit2.o(.ARM.Collect$$libinit$$00000025)
    .ARM.Collect$$libinit$$0000002C          0x00000158   Section        0  libinit2.o(.ARM.Collect$$libinit$$0000002C)
    .ARM.Collect$$libinit$$0000002E          0x00000158   Section        0  libinit2.o(.ARM.Collect$$libinit$$0000002E)
    .ARM.Collect$$libinit$$00000030          0x00000158   Section        0  libinit2.o(.ARM.Collect$$libinit$$00000030)
    .ARM.Collect$$libinit$$00000032          0x00000158   Section        0  libinit2.o(.ARM.Collect$$libinit$$00000032)
    .ARM.Collect$$libinit$$00000033          0x00000158   Section        2  libinit2.o(.ARM.Collect$$libinit$$00000033)
    .ARM.Collect$$libshutdown$$00000000      0x0000015a   Section        2  libshutdown.o(.ARM.Collect$$libshutdown$$00000000)
    .ARM.Collect$$libshutdown$$00000002      0x0000015c   Section        0  libshutdown2.o(.ARM.Collect$$libshutdown$$00000002)
    .ARM.Collect$$libshutdown$$00000004      0x0000015c   Section        0  libshutdown2.o(.ARM.Collect$$libshutdown$$00000004)
    .ARM.Collect$$libshutdown$$00000007      0x0000015c   Section        0  libshutdown2.o(.ARM.Collect$$libshutdown$$00000007)
    .ARM.Collect$$libshutdown$$0000000A      0x0000015c   Section        0  libshutdown2.o(.ARM.Collect$$libshutdown$$0000000A)
    .ARM.Collect$$libshutdown$$0000000C      0x0000015c   Section        0  libshutdown2.o(.ARM.Collect$$libshutdown$$0000000C)
    .ARM.Collect$$libshutdown$$0000000F      0x0000015c   Section        0  libshutdown2.o(.ARM.Collect$$libshutdown$$0000000F)
    .ARM.Collect$$libshutdown$$00000010      0x0000015c   Section        2  libshutdown2.o(.ARM.Collect$$libshutdown$$00000010)
    .ARM.Collect$$rtentry$$00000000          0x0000015e   Section        0  __rtentry.o(.ARM.Collect$$rtentry$$00000000)
    .ARM.Collect$$rtentry$$00000002          0x0000015e   Section        0  __rtentry2.o(.ARM.Collect$$rtentry$$00000002)
    .ARM.Collect$$rtentry$$00000004          0x0000015e   Section        6  __rtentry4.o(.ARM.Collect$$rtentry$$00000004)
    .ARM.Collect$$rtentry$$00000009          0x00000164   Section        0  __rtentry2.o(.ARM.Collect$$rtentry$$00000009)
    .ARM.Collect$$rtentry$$0000000A          0x00000164   Section        4  __rtentry2.o(.ARM.Collect$$rtentry$$0000000A)
    .ARM.Collect$$rtentry$$0000000C          0x00000168   Section        0  __rtentry2.o(.ARM.Collect$$rtentry$$0000000C)
    .ARM.Collect$$rtentry$$0000000D          0x00000168   Section        8  __rtentry2.o(.ARM.Collect$$rtentry$$0000000D)
    .ARM.Collect$$rtexit$$00000000           0x00000170   Section        2  rtexit.o(.ARM.Collect$$rtexit$$00000000)
    .ARM.Collect$$rtexit$$00000002           0x00000172   Section        0  rtexit2.o(.ARM.Collect$$rtexit$$00000002)
    .ARM.Collect$$rtexit$$00000003           0x00000172   Section        4  rtexit2.o(.ARM.Collect$$rtexit$$00000003)
    .ARM.Collect$$rtexit$$00000004           0x00000176   Section        6  rtexit2.o(.ARM.Collect$$rtexit$$00000004)
    .emb_text                                0x0000017c   Section       56  rt_memcpy.o(.emb_text)
    .text                                    0x000001b4   Section       64  startup_skeaz1284.o(.text)
    .text                                    0x000001f4   Section        0  noretval__2sprintf.o(.text)
    .text                                    0x0000021c   Section        0  _printf_pad.o(.text)
    .text                                    0x0000026a   Section        0  _printf_str.o(.text)
    .text                                    0x000002bc   Section        0  _printf_dec.o(.text)
    .text                                    0x00000328   Section        0  rt_memclr.o(.text)
    .text                                    0x00000368   Section        0  heapauxi.o(.text)
    .text                                    0x00000370   Section        0  d2f.o(.text)
    .text                                    0x000003ec   Section        0  _sputc.o(.text)
    .text                                    0x000003f8   Section        8  libspace.o(.text)
    .ARM.__at_0x400                          0x00000400   Section       16  startup_skeaz1284.o(.ARM.__at_0x400)
    .text                                    0x00000410   Section        0  __printf_flags_wp.o(.text)
    .text                                    0x00000548   Section      346  aeabi_sdiv.o(.text)
    .text                                    0x000006a4   Section        0  daddsub.o(.text)
    _dadd1                                   0x000006a5   Thumb Code   290  daddsub.o(.text)
    _dsub1                                   0x000007c7   Thumb Code   470  daddsub.o(.text)
    .text                                    0x000009fc   Section        0  ddiv.o(.text)
    .text                                    0x00000e44   Section        0  dflti.o(.text)
    .text                                    0x00000e9c   Section        0  dmul.o(.text)
    .text                                    0x000010e4   Section        0  f2d.o(.text)
    .text                                    0x00001138   Section        0  ffixi.o(.text)
    .text                                    0x00001184   Section        0  ffixui.o(.text)
    .text                                    0x000011b4   Section        0  fflti.o(.text)
    .text                                    0x00001212   Section        0  _printf_intcommon.o(.text)
    .text                                    0x000012c4   Section        0  _printf_char_common.o(.text)
    _printf_input_char                       0x000012c5   Thumb Code    10  _printf_char_common.o(.text)
    .text                                    0x000012f4   Section        0  _printf_char.o(.text)
    .text                                    0x00001322   Section        0  rtudiv10.o(.text)
    .text                                    0x0000134a   Section       62  sys_stackheap_outer.o(.text)
    .text                                    0x00001388   Section        0  exit.o(.text)
    .text                                    0x00001398   Section        0  sys_exit.o(.text)
    .text                                    0x000013a4   Section        2  use_no_semi.o(.text)
    .text                                    0x000013a6   Section        0  indicate_semi.o(.text)
    i.ADC_Init                               0x000013a8   Section        0  adc.o(i.ADC_Init)
    i.DirectionControl                       0x000013dc   Section        0  deal.o(i.DirectionControl)
    i.FTM0_IRQHandler                        0x000015f0   Section        0  isr.o(i.FTM0_IRQHandler)
    i.FTM1_IRQHandler                        0x00001608   Section        0  isr.o(i.FTM1_IRQHandler)
    i.FTM2_IRQHandler                        0x00001620   Section        0  isr.o(i.FTM2_IRQHandler)
    i.FTM_PWM_Duty                           0x00001638   Section        0  ftm.o(i.FTM_PWM_Duty)
    i.FTM_PWM_init                           0x000016c4   Section        0  ftm.o(i.FTM_PWM_init)
    i.FTM_count_get                          0x000019b4   Section        0  ftm.o(i.FTM_count_get)
    i.FTM_init                               0x000019c8   Section        0  system.o(i.FTM_init)
    i.KBI0_IRQHandler                        0x00001a24   Section        0  isr.o(i.KBI0_IRQHandler)
    i.KBI1_IRQHandler                        0x00001a50   Section        0  isr.o(i.KBI1_IRQHandler)
    i.LCD_DLY_ms                             0x00001a7c   Section        0  lq12864.o(i.LCD_DLY_ms)
    i.LCD_Fill                               0x00001a88   Section        0  lq12864.o(i.LCD_Fill)
    i.LCD_Init                               0x00001ac4   Section        0  lq12864.o(i.LCD_Init)
    i.LCD_P6x8Str                            0x00001be4   Section        0  lq12864.o(i.LCD_P6x8Str)
    i.LCD_Set_Pos                            0x00001c44   Section        0  lq12864.o(i.LCD_Set_Pos)
    i.LCD_WrCmd                              0x00001c6c   Section        0  lq12864.o(i.LCD_WrCmd)
    i.LCD_WrDat                              0x00001cf8   Section        0  lq12864.o(i.LCD_WrDat)
    i.LED_Ctrl                               0x00001d88   Section        0  lqled.o(i.LED_Ctrl)
    i.LED_Init                               0x00001f90   Section        0  lqled.o(i.LED_Init)
    i.Motor_spd                              0x00001fc6   Section        0  motor.o(i.Motor_spd)
    i.Motor_speedL                           0x00001fda   Section        0  motor.o(i.Motor_speedL)
    i.Motor_speedR                           0x0000203c   Section        0  motor.o(i.Motor_speedR)
    i.PIT_CH0_IRQHandler                     0x000020a0   Section        0  isr.o(i.PIT_CH0_IRQHandler)
    i.RTC_IRQHandler                         0x00002128   Section        0  isr.o(i.RTC_IRQHandler)
    i.SysTick_delay                          0x000021d0   Section        0  systick.o(i.SysTick_delay)
    i.SystemInit                             0x000021f8   Section        0  system_skeaz1284.o(i.SystemInit)
    i.UART0_IRQHandler                       0x00002250   Section        0  isr.o(i.UART0_IRQHandler)
    i.UART1_IRQHandler                       0x00002288   Section        0  isr.o(i.UART1_IRQHandler)
    i.UART2_IRQHandler                       0x000022c0   Section        0  isr.o(i.UART2_IRQHandler)
    i.Uart_GetChar                           0x000022f8   Section        0  uart.o(i.Uart_GetChar)
    i.Uart_SendChar                          0x0000231c   Section        0  uart.o(i.Uart_SendChar)
    i.Uart_SendString                        0x0000233c   Section        0  uart.o(i.Uart_SendString)
    i.__ARM_common_switch8                   0x0000235a   Section        0  lqkey.o(i.__ARM_common_switch8)
    i._is_digit                              0x00002376   Section        0  __printf_wp.o(i._is_digit)
    i.adc_once                               0x00002384   Section        0  adc.o(i.adc_once)
    i.assert_failed                          0x000023bc   Section        0  assert.o(i.assert_failed)
    i.car_direct                             0x000023d8   Section        0  motor.o(i.car_direct)
    i.delay_us                               0x000023ec   Section        0  systick.o(i.delay_us)
    i.getsig                                 0x000023fc   Section        0  getsig.o(i.getsig)
    i.gpio_init                              0x00002580   Section        0  gpio.o(i.gpio_init)
    i.gpio_set                               0x000025f8   Section        0  gpio.o(i.gpio_set)
    i.gpio_turn                              0x00002644   Section        0  gpio.o(i.gpio_turn)
    i.main                                   0x00002668   Section        0  main.o(i.main)
    i.time_delay_ms                          0x000028b0   Section        0  lqled.o(i.time_delay_ms)
    i.uart_init                              0x000028cc   Section        0  uart.o(i.uart_init)
    x$fpl$fadd                               0x000029fc   Section      140  faddsub.o(x$fpl$fadd)
    _fadd1                                   0x00002a09   Thumb Code     0  faddsub.o(x$fpl$fadd)
    x$fpl$fmul                               0x00002a88   Section      176  fmul.o(x$fpl$fmul)
    x$fpl$fsub                               0x00002b38   Section      208  faddsub.o(x$fpl$fsub)
    _fsub1                                   0x00002b45   Thumb Code     0  faddsub.o(x$fpl$fsub)
    .constdata                               0x00002c08   Section       30  isr.o(.constdata)
    x$fpl$usenofp                            0x00002c08   Section        0  usenofp.o(x$fpl$usenofp)
    .constdata                               0x00002c26   Section     5185  lq12864.o(.constdata)
    .constdata                               0x00004068   Section      232  main.o(.constdata)
    .constdata                               0x00004150   Section       17  __printf_flags_wp.o(.constdata)
    maptable                                 0x00004150   Data          17  __printf_flags_wp.o(.constdata)
    .constdata                               0x00004161   Section      128  ddiv.o(.constdata)
    ddiv_reciptbl                            0x00004161   Data         128  ddiv.o(.constdata)
    .data                                    0x1ffff000   Section        3  isr.o(.data)
    .data                                    0x1ffff004   Section       12  ftm.o(.data)
    .data                                    0x1ffff010   Section       12  gpio.o(.data)
    .data                                    0x1ffff01c   Section       12  uart.o(.data)
    .data                                    0x1ffff028   Section       34  deal.o(.data)
    .bss                                     0x1ffff04c   Section       56  deal.o(.bss)
    .bss                                     0x1ffff084   Section       96  libspace.o(.bss)
    HEAP                                     0x1ffff0e8   Section        0  startup_skeaz1284.o(HEAP)
    STACK                                    0x1ffff0e8   Section      256  startup_skeaz1284.o(STACK)
    Heap_Mem                                 0x1ffff0e8   Data           0  startup_skeaz1284.o(HEAP)
    Stack_Mem                                0x1ffff0e8   Data         256  startup_skeaz1284.o(STACK)
    __initial_sp                             0x1ffff1e8   Data           0  startup_skeaz1284.o(STACK)

    Global Symbols

    Symbol Name                              Value     Ov Type        Size  Object(Section)

    BuildAttributes$$THM_ISAv3M$S$PE$A:L22$X:L11$S22$IEEE1$IW$USESV6$~STKCKD$USESV7$~SHL$OSPACE$ROPI$EBA8$UX$STANDARDLIB$REQ8$PRES8$EABIv2 0x00000000   Number         0  anon$$obj.o ABSOLUTE
    __ARM_use_no_argv                        0x00000000   Number         0  main.o ABSOLUTE
    __Vectors                                0x00000000   Data           4  startup_skeaz1284.o(RESET)
    _printf_flags                            0x00000000   Number         0  printf_stubs.o ABSOLUTE
    _printf_return_value                     0x00000000   Number         0  printf_stubs.o ABSOLUTE
    _printf_sizespec                         0x00000000   Number         0  printf_stubs.o ABSOLUTE
    _printf_widthprec                        0x00000000   Number         0  printf_stubs.o ABSOLUTE
    __ARM_exceptions_init                     - Undefined Weak Reference
    __alloca_initialize                       - Undefined Weak Reference
    __arm_preinit_                            - Undefined Weak Reference
    __cpp_initialize__aeabi_                  - Undefined Weak Reference
    __cxa_finalize                            - Undefined Weak Reference
    __rt_locale                               - Undefined Weak Reference
    __sigvec_lookup                           - Undefined Weak Reference
    _atexit_init                              - Undefined Weak Reference
    _call_atexit_fns                          - Undefined Weak Reference
    _clock_init                               - Undefined Weak Reference
    _fp_trap_init                             - Undefined Weak Reference
    _fp_trap_shutdown                         - Undefined Weak Reference
    _get_lc_collate                           - Undefined Weak Reference
    _get_lc_ctype                             - Undefined Weak Reference
    _get_lc_monetary                          - Undefined Weak Reference
    _get_lc_numeric                           - Undefined Weak Reference
    _get_lc_time                              - Undefined Weak Reference
    _getenv_init                              - Undefined Weak Reference
    _handle_redirection                       - Undefined Weak Reference
    _init_alloc                               - Undefined Weak Reference
    _init_user_alloc                          - Undefined Weak Reference
    _initio                                   - Undefined Weak Reference
    _printf_mbtowc                            - Undefined Weak Reference
    _printf_truncate_signed                   - Undefined Weak Reference
    _printf_truncate_unsigned                 - Undefined Weak Reference
    _rand_init                                - Undefined Weak Reference
    _signal_finish                            - Undefined Weak Reference
    _signal_init                              - Undefined Weak Reference
    _terminate_alloc                          - Undefined Weak Reference
    _terminate_user_alloc                     - Undefined Weak Reference
    _terminateio                              - Undefined Weak Reference
    __Vectors_End                            0x000000c0   Data           0  startup_skeaz1284.o(RESET)
    __Vectors_Size                           0x000000c0   Number         0  startup_skeaz1284.o ABSOLUTE
    __main                                   0x000000c1   Thumb Code     8  __main.o(!!!main)
    __scatterload                            0x000000c9   Thumb Code     0  __scatter.o(!!!scatter)
    __scatterload_rt2                        0x000000c9   Thumb Code    52  __scatter.o(!!!scatter)
    __scatterload_rt2_thumb_only             0x000000c9   Thumb Code     0  __scatter.o(!!!scatter)
    __scatterload_null                       0x000000d9   Thumb Code     0  __scatter.o(!!!scatter)
    __scatterload_copy                       0x00000105   Thumb Code    26  __scatter_copy.o(!!handler_copy)
    __scatterload_zeroinit                   0x00000121   Thumb Code    28  __scatter_zi.o(!!handler_zi)
    _printf_percent                          0x0000013d   Thumb Code     0  _printf_percent.o(.ARM.Collect$$_printf_percent$$00000000)
    _printf_d                                0x0000013f   Thumb Code     0  _printf_d.o(.ARM.Collect$$_printf_percent$$00000009)
    _printf_c                                0x00000149   Thumb Code     0  _printf_c.o(.ARM.Collect$$_printf_percent$$00000013)
    _printf_percent_end                      0x00000153   Thumb Code     0  _printf_percent_end.o(.ARM.Collect$$_printf_percent$$00000017)
    __rt_lib_init                            0x00000157   Thumb Code     0  libinit.o(.ARM.Collect$$libinit$$00000000)
    __rt_lib_init_alloca_1                   0x00000159   Thumb Code     0  libinit2.o(.ARM.Collect$$libinit$$0000002E)
    __rt_lib_init_argv_1                     0x00000159   Thumb Code     0  libinit2.o(.ARM.Collect$$libinit$$0000002C)
    __rt_lib_init_atexit_1                   0x00000159   Thumb Code     0  libinit2.o(.ARM.Collect$$libinit$$0000001B)
    __rt_lib_init_clock_1                    0x00000159   Thumb Code     0  libinit2.o(.ARM.Collect$$libinit$$00000021)
    __rt_lib_init_cpp_1                      0x00000159   Thumb Code     0  libinit2.o(.ARM.Collect$$libinit$$00000032)
    __rt_lib_init_exceptions_1               0x00000159   Thumb Code     0  libinit2.o(.ARM.Collect$$libinit$$00000030)
    __rt_lib_init_fp_1                       0x00000159   Thumb Code     0  libinit2.o(.ARM.Collect$$libinit$$00000002)
    __rt_lib_init_fp_trap_1                  0x00000159   Thumb Code     0  libinit2.o(.ARM.Collect$$libinit$$0000001F)
    __rt_lib_init_getenv_1                   0x00000159   Thumb Code     0  libinit2.o(.ARM.Collect$$libinit$$00000023)
    __rt_lib_init_heap_1                     0x00000159   Thumb Code     0  libinit2.o(.ARM.Collect$$libinit$$0000000A)
    __rt_lib_init_lc_collate_1               0x00000159   Thumb Code     0  libinit2.o(.ARM.Collect$$libinit$$00000011)
    __rt_lib_init_lc_ctype_1                 0x00000159   Thumb Code     0  libinit2.o(.ARM.Collect$$libinit$$00000013)
    __rt_lib_init_lc_monetary_1              0x00000159   Thumb Code     0  libinit2.o(.ARM.Collect$$libinit$$00000015)
    __rt_lib_init_lc_numeric_1               0x00000159   Thumb Code     0  libinit2.o(.ARM.Collect$$libinit$$00000017)
    __rt_lib_init_lc_time_1                  0x00000159   Thumb Code     0  libinit2.o(.ARM.Collect$$libinit$$00000019)
    __rt_lib_init_preinit_1                  0x00000159   Thumb Code     0  libinit2.o(.ARM.Collect$$libinit$$00000004)
    __rt_lib_init_rand_1                     0x00000159   Thumb Code     0  libinit2.o(.ARM.Collect$$libinit$$0000000E)
    __rt_lib_init_return                     0x00000159   Thumb Code     0  libinit2.o(.ARM.Collect$$libinit$$00000033)
    __rt_lib_init_signal_1                   0x00000159   Thumb Code     0  libinit2.o(.ARM.Collect$$libinit$$0000001D)
    __rt_lib_init_stdio_1                    0x00000159   Thumb Code     0  libinit2.o(.ARM.Collect$$libinit$$00000025)
    __rt_lib_init_user_alloc_1               0x00000159   Thumb Code     0  libinit2.o(.ARM.Collect$$libinit$$0000000C)
    __rt_lib_shutdown                        0x0000015b   Thumb Code     0  libshutdown.o(.ARM.Collect$$libshutdown$$00000000)
    __rt_lib_shutdown_cpp_1                  0x0000015d   Thumb Code     0  libshutdown2.o(.ARM.Collect$$libshutdown$$00000002)
    __rt_lib_shutdown_fp_trap_1              0x0000015d   Thumb Code     0  libshutdown2.o(.ARM.Collect$$libshutdown$$00000007)
    __rt_lib_shutdown_heap_1                 0x0000015d   Thumb Code     0  libshutdown2.o(.ARM.Collect$$libshutdown$$0000000F)
    __rt_lib_shutdown_return                 0x0000015d   Thumb Code     0  libshutdown2.o(.ARM.Collect$$libshutdown$$00000010)
    __rt_lib_shutdown_signal_1               0x0000015d   Thumb Code     0  libshutdown2.o(.ARM.Collect$$libshutdown$$0000000A)
    __rt_lib_shutdown_stdio_1                0x0000015d   Thumb Code     0  libshutdown2.o(.ARM.Collect$$libshutdown$$00000004)
    __rt_lib_shutdown_user_alloc_1           0x0000015d   Thumb Code     0  libshutdown2.o(.ARM.Collect$$libshutdown$$0000000C)
    __rt_entry                               0x0000015f   Thumb Code     0  __rtentry.o(.ARM.Collect$$rtentry$$00000000)
    __rt_entry_presh_1                       0x0000015f   Thumb Code     0  __rtentry2.o(.ARM.Collect$$rtentry$$00000002)
    __rt_entry_sh                            0x0000015f   Thumb Code     0  __rtentry4.o(.ARM.Collect$$rtentry$$00000004)
    __rt_entry_li                            0x00000165   Thumb Code     0  __rtentry2.o(.ARM.Collect$$rtentry$$0000000A)
    __rt_entry_postsh_1                      0x00000165   Thumb Code     0  __rtentry2.o(.ARM.Collect$$rtentry$$00000009)
    __rt_entry_main                          0x00000169   Thumb Code     0  __rtentry2.o(.ARM.Collect$$rtentry$$0000000D)
    __rt_entry_postli_1                      0x00000169   Thumb Code     0  __rtentry2.o(.ARM.Collect$$rtentry$$0000000C)
    __rt_exit                                0x00000171   Thumb Code     0  rtexit.o(.ARM.Collect$$rtexit$$00000000)
    __rt_exit_ls                             0x00000173   Thumb Code     0  rtexit2.o(.ARM.Collect$$rtexit$$00000003)
    __rt_exit_prels_1                        0x00000173   Thumb Code     0  rtexit2.o(.ARM.Collect$$rtexit$$00000002)
    __rt_exit_exit                           0x00000177   Thumb Code     0  rtexit2.o(.ARM.Collect$$rtexit$$00000004)
    __aeabi_memcpy4                          0x0000017d   Thumb Code    56  rt_memcpy.o(.emb_text)
    __aeabi_memcpy8                          0x0000017d   Thumb Code     0  rt_memcpy.o(.emb_text)
    init_data_bss                            0x000001b5   Thumb Code     2  startup_skeaz1284.o(.text)
    Reset_Handler                            0x000001b7   Thumb Code    12  startup_skeaz1284.o(.text)
    NMI_Handler                              0x000001c3   Thumb Code     2  startup_skeaz1284.o(.text)
    HardFault_Handler                        0x000001c5   Thumb Code     2  startup_skeaz1284.o(.text)
    SVC_Handler                              0x000001c7   Thumb Code     2  startup_skeaz1284.o(.text)
    PendSV_Handler                           0x000001c9   Thumb Code     2  startup_skeaz1284.o(.text)
    SysTick_Handler                          0x000001cb   Thumb Code     2  startup_skeaz1284.o(.text)
    ACMP0_IRQHandler                         0x000001cd   Thumb Code     0  startup_skeaz1284.o(.text)
    ACMP1_IRQHandler                         0x000001cd   Thumb Code     0  startup_skeaz1284.o(.text)
    ADC_IRQHandler                           0x000001cd   Thumb Code     0  startup_skeaz1284.o(.text)
    DefaultISR                               0x000001cd   Thumb Code     0  startup_skeaz1284.o(.text)
    FTMRE_IRQHandler                         0x000001cd   Thumb Code     0  startup_skeaz1284.o(.text)
    I2C0_IRQHandler                          0x000001cd   Thumb Code     0  startup_skeaz1284.o(.text)
    I2C1_IRQHandler                          0x000001cd   Thumb Code     0  startup_skeaz1284.o(.text)
    ICS_IRQHandler                           0x000001cd   Thumb Code     0  startup_skeaz1284.o(.text)
    IRQ_IRQHandler                           0x000001cd   Thumb Code     0  startup_skeaz1284.o(.text)
    MSCAN_RX_IRQHandler                      0x000001cd   Thumb Code     0  startup_skeaz1284.o(.text)
    MSCAN_TX_IRQHandler                      0x000001cd   Thumb Code     0  startup_skeaz1284.o(.text)
    PIT_CH1_IRQHandler                       0x000001cd   Thumb Code     0  startup_skeaz1284.o(.text)
    PMC_IRQHandler                           0x000001cd   Thumb Code     0  startup_skeaz1284.o(.text)
    PWT_IRQHandler                           0x000001cd   Thumb Code     0  startup_skeaz1284.o(.text)
    Reserved16_IRQHandler                    0x000001cd   Thumb Code     0  startup_skeaz1284.o(.text)
    Reserved17_IRQHandler                    0x000001cd   Thumb Code     0  startup_skeaz1284.o(.text)
    Reserved18_IRQHandler                    0x000001cd   Thumb Code     0  startup_skeaz1284.o(.text)
    Reserved19_IRQHandler                    0x000001cd   Thumb Code     0  startup_skeaz1284.o(.text)
    Reserved20_IRQHandler                    0x000001cd   Thumb Code     0  startup_skeaz1284.o(.text)
    Reserved42_IRQHandler                    0x000001cd   Thumb Code     0  startup_skeaz1284.o(.text)
    SPI0_IRQHandler                          0x000001cd   Thumb Code     0  startup_skeaz1284.o(.text)
    SPI1_IRQHandler                          0x000001cd   Thumb Code     0  startup_skeaz1284.o(.text)
    WDOG_IRQHandler                          0x000001cd   Thumb Code     0  startup_skeaz1284.o(.text)
    __user_initial_stackheap                 0x000001d1   Thumb Code     0  startup_skeaz1284.o(.text)
    __2sprintf                               0x000001f5   Thumb Code    36  noretval__2sprintf.o(.text)
    _printf_pre_padding                      0x0000021d   Thumb Code    44  _printf_pad.o(.text)
    _printf_post_padding                     0x00000249   Thumb Code    34  _printf_pad.o(.text)
    _printf_str                              0x0000026b   Thumb Code    82  _printf_str.o(.text)
    _printf_int_dec                          0x000002bd   Thumb Code    90  _printf_dec.o(.text)
    _memset_w                                0x00000329   Thumb Code    26  rt_memclr.o(.text)
    _memset                                  0x00000343   Thumb Code    30  rt_memclr.o(.text)
    __aeabi_memclr                           0x00000361   Thumb Code     4  rt_memclr.o(.text)
    __rt_memclr                              0x00000361   Thumb Code     0  rt_memclr.o(.text)
    __aeabi_memclr4                          0x00000365   Thumb Code     0  rt_memclr.o(.text)
    __aeabi_memclr8                          0x00000365   Thumb Code     0  rt_memclr.o(.text)
    __rt_memclr_w                            0x00000365   Thumb Code     4  rt_memclr.o(.text)
    __use_two_region_memory                  0x00000369   Thumb Code     2  heapauxi.o(.text)
    __rt_heap_escrow$2region                 0x0000036b   Thumb Code     2  heapauxi.o(.text)
    __rt_heap_expand$2region                 0x0000036d   Thumb Code     2  heapauxi.o(.text)
    __aeabi_d2f                              0x00000371   Thumb Code     0  d2f.o(.text)
    _d2f                                     0x00000371   Thumb Code   120  d2f.o(.text)
    _sputc                                   0x000003ed   Thumb Code    10  _sputc.o(.text)
    __user_libspace                          0x000003f9   Thumb Code     8  libspace.o(.text)
    __user_perproc_libspace                  0x000003f9   Thumb Code     0  libspace.o(.text)
    __user_perthread_libspace                0x000003f9   Thumb Code     0  libspace.o(.text)
    __printf                                 0x00000411   Thumb Code   306  __printf_flags_wp.o(.text)
    __aeabi_uidiv                            0x00000549   Thumb Code     0  aeabi_sdiv.o(.text)
    __aeabi_uidivmod                         0x00000549   Thumb Code    20  aeabi_sdiv.o(.text)
    __aeabi_idiv                             0x0000055d   Thumb Code     0  aeabi_sdiv.o(.text)
    __aeabi_idivmod                          0x0000055d   Thumb Code   326  aeabi_sdiv.o(.text)
    __aeabi_dadd                             0x0000099d   Thumb Code     0  daddsub.o(.text)
    _dadd                                    0x0000099d   Thumb Code    26  daddsub.o(.text)
    __aeabi_dsub                             0x000009b7   Thumb Code     0  daddsub.o(.text)
    _dsub                                    0x000009b7   Thumb Code    22  daddsub.o(.text)
    __aeabi_drsub                            0x000009cd   Thumb Code     0  daddsub.o(.text)
    _drsb                                    0x000009cd   Thumb Code    28  daddsub.o(.text)
    __aeabi_ddiv                             0x000009fd   Thumb Code     0  ddiv.o(.text)
    _ddiv                                    0x000009fd   Thumb Code  1072  ddiv.o(.text)
    _drdiv                                   0x00000e2d   Thumb Code    20  ddiv.o(.text)
    __aeabi_i2d_normalise                    0x00000e45   Thumb Code    66  dflti.o(.text)
    __aeabi_i2d                              0x00000e87   Thumb Code    16  dflti.o(.text)
    _dflt                                    0x00000e87   Thumb Code     0  dflti.o(.text)
    __aeabi_ui2d                             0x00000e97   Thumb Code     6  dflti.o(.text)
    _dfltu                                   0x00000e97   Thumb Code     0  dflti.o(.text)
    __aeabi_dmul                             0x00000e9d   Thumb Code     0  dmul.o(.text)
    _dmul                                    0x00000e9d   Thumb Code   558  dmul.o(.text)
    __aeabi_f2d                              0x000010e5   Thumb Code     0  f2d.o(.text)
    _f2d                                     0x000010e5   Thumb Code    80  f2d.o(.text)
    __aeabi_f2iz                             0x00001139   Thumb Code     0  ffixi.o(.text)
    _ffix                                    0x00001139   Thumb Code    76  ffixi.o(.text)
    __aeabi_f2uiz                            0x00001185   Thumb Code     0  ffixui.o(.text)
    _ffixu                                   0x00001185   Thumb Code    48  ffixui.o(.text)
    __aeabi_i2f_normalise                    0x000011b5   Thumb Code    72  fflti.o(.text)
    __aeabi_i2f                              0x000011fd   Thumb Code    16  fflti.o(.text)
    _fflt                                    0x000011fd   Thumb Code     0  fflti.o(.text)
    __aeabi_ui2f                             0x0000120d   Thumb Code     6  fflti.o(.text)
    _ffltu                                   0x0000120d   Thumb Code     0  fflti.o(.text)
    _printf_int_common                       0x00001213   Thumb Code   176  _printf_intcommon.o(.text)
    _printf_char_common                      0x000012cf   Thumb Code    32  _printf_char_common.o(.text)
    _printf_cs_common                        0x000012f5   Thumb Code    22  _printf_char.o(.text)
    _printf_char                             0x0000130b   Thumb Code    16  _printf_char.o(.text)
    _printf_string                           0x0000131b   Thumb Code     8  _printf_char.o(.text)
    __rt_udiv10                              0x00001323   Thumb Code    40  rtudiv10.o(.text)
    __user_setup_stackheap                   0x0000134b   Thumb Code    62  sys_stackheap_outer.o(.text)
    exit                                     0x00001389   Thumb Code    16  exit.o(.text)
    _sys_exit                                0x00001399   Thumb Code     8  sys_exit.o(.text)
    __I$use$semihosting                      0x000013a5   Thumb Code     0  use_no_semi.o(.text)
    __use_no_semihosting_swi                 0x000013a5   Thumb Code     2  use_no_semi.o(.text)
    __semihosting_library_function           0x000013a7   Thumb Code     0  indicate_semi.o(.text)
    ADC_Init                                 0x000013a9   Thumb Code    44  adc.o(i.ADC_Init)
    DirectionControl                         0x000013dd   Thumb Code   472  deal.o(i.DirectionControl)
    FTM0_IRQHandler                          0x000015f1   Thumb Code    18  isr.o(i.FTM0_IRQHandler)
    FTM1_IRQHandler                          0x00001609   Thumb Code    18  isr.o(i.FTM1_IRQHandler)
    FTM2_IRQHandler                          0x00001621   Thumb Code    18  isr.o(i.FTM2_IRQHandler)
    FTM_PWM_Duty                             0x00001639   Thumb Code   120  ftm.o(i.FTM_PWM_Duty)
    FTM_PWM_init                             0x000016c5   Thumb Code   718  ftm.o(i.FTM_PWM_init)
    FTM_count_get                            0x000019b5   Thumb Code    14  ftm.o(i.FTM_count_get)
    FTM_init                                 0x000019c9   Thumb Code    86  system.o(i.FTM_init)
    KBI0_IRQHandler                          0x00001a25   Thumb Code    40  isr.o(i.KBI0_IRQHandler)
    KBI1_IRQHandler                          0x00001a51   Thumb Code    40  isr.o(i.KBI1_IRQHandler)
    LCD_DLY_ms                               0x00001a7d   Thumb Code    12  lq12864.o(i.LCD_DLY_ms)
    LCD_Fill                                 0x00001a89   Thumb Code    58  lq12864.o(i.LCD_Fill)
    LCD_Init                                 0x00001ac5   Thumb Code   282  lq12864.o(i.LCD_Init)
    LCD_P6x8Str                              0x00001be5   Thumb Code    92  lq12864.o(i.LCD_P6x8Str)
    LCD_Set_Pos                              0x00001c45   Thumb Code    40  lq12864.o(i.LCD_Set_Pos)
    LCD_WrCmd                                0x00001c6d   Thumb Code   136  lq12864.o(i.LCD_WrCmd)
    LCD_WrDat                                0x00001cf9   Thumb Code   138  lq12864.o(i.LCD_WrDat)
    LED_Ctrl                                 0x00001d89   Thumb Code   514  lqled.o(i.LED_Ctrl)
    LED_Init                                 0x00001f91   Thumb Code    54  lqled.o(i.LED_Init)
    Motor_spd                                0x00001fc7   Thumb Code    20  motor.o(i.Motor_spd)
    Motor_speedL                             0x00001fdb   Thumb Code    98  motor.o(i.Motor_speedL)
    Motor_speedR                             0x0000203d   Thumb Code    98  motor.o(i.Motor_speedR)
    PIT_CH0_IRQHandler                       0x000020a1   Thumb Code   108  isr.o(i.PIT_CH0_IRQHandler)
    RTC_IRQHandler                           0x00002129   Thumb Code   128  isr.o(i.RTC_IRQHandler)
    SysTick_delay                            0x000021d1   Thumb Code    36  systick.o(i.SysTick_delay)
    SystemInit                               0x000021f9   Thumb Code    68  system_skeaz1284.o(i.SystemInit)
    UART0_IRQHandler                         0x00002251   Thumb Code    38  isr.o(i.UART0_IRQHandler)
    UART1_IRQHandler                         0x00002289   Thumb Code    38  isr.o(i.UART1_IRQHandler)
    UART2_IRQHandler                         0x000022c1   Thumb Code    38  isr.o(i.UART2_IRQHandler)
    Uart_GetChar                             0x000022f9   Thumb Code    30  uart.o(i.Uart_GetChar)
    Uart_SendChar                            0x0000231d   Thumb Code    28  uart.o(i.Uart_SendChar)
    Uart_SendString                          0x0000233d   Thumb Code    30  uart.o(i.Uart_SendString)
    __ARM_common_switch8                     0x0000235b   Thumb Code    28  lqkey.o(i.__ARM_common_switch8)
    _is_digit                                0x00002377   Thumb Code    14  __printf_wp.o(i._is_digit)
    adc_once                                 0x00002385   Thumb Code    50  adc.o(i.adc_once)
    assert_failed                            0x000023bd   Thumb Code    24  assert.o(i.assert_failed)
    car_direct                               0x000023d9   Thumb Code    20  motor.o(i.car_direct)
    delay_us                                 0x000023ed   Thumb Code    16  systick.o(i.delay_us)
    getsig                                   0x000023fd   Thumb Code   388  getsig.o(i.getsig)
    gpio_init                                0x00002581   Thumb Code   114  gpio.o(i.gpio_init)
    gpio_set                                 0x000025f9   Thumb Code    70  gpio.o(i.gpio_set)
    gpio_turn                                0x00002645   Thumb Code    32  gpio.o(i.gpio_turn)
    main                                     0x00002669   Thumb Code   518  main.o(i.main)
    time_delay_ms                            0x000028b1   Thumb Code    26  lqled.o(i.time_delay_ms)
    uart_init                                0x000028cd   Thumb Code   286  uart.o(i.uart_init)
    __aeabi_fadd                             0x000029fd   Thumb Code     0  faddsub.o(x$fpl$fadd)
    _fadd                                    0x000029fd   Thumb Code   134  faddsub.o(x$fpl$fadd)
    __aeabi_fmul                             0x00002a89   Thumb Code     0  fmul.o(x$fpl$fmul)
    _fmul                                    0x00002a89   Thumb Code   172  fmul.o(x$fpl$fmul)
    __aeabi_fsub                             0x00002b39   Thumb Code     0  faddsub.o(x$fpl$fsub)
    _fsub                                    0x00002b39   Thumb Code   204  faddsub.o(x$fpl$fsub)
    __I$use$fp                               0x00002c08   Number         0  usenofp.o(x$fpl$usenofp)
    F6x8                                     0x00002c26   Data         552  lq12864.o(.constdata)
    F14x16_Idx                               0x00002e4e   Data         153  lq12864.o(.constdata)
    F14x16                                   0x00002ee7   Data        2128  lq12864.o(.constdata)
    F8X16                                    0x00003737   Data        1520  lq12864.o(.constdata)
    longqiu104x64                            0x00003d27   Data         832  lq12864.o(.constdata)
    Region$$Table$$Base                      0x000041e4   Number         0  anon$$obj.o(Region$$Table)
    Region$$Table$$Limit                     0x00004204   Number         0  anon$$obj.o(Region$$Table)
    Sec                                      0x1ffff000   Data           1  isr.o(.data)
    Min                                      0x1ffff001   Data           1  isr.o(.data)
    Hour                                     0x1ffff002   Data           1  isr.o(.data)
    FTMx                                     0x1ffff004   Data          12  ftm.o(.data)
    GPIOx                                    0x1ffff010   Data          12  gpio.o(.data)
    UARTx                                    0x1ffff01c   Data          12  uart.o(.data)
    fg                                       0x1ffff028   Data           1  deal.o(.data)
    condition                                0x1ffff029   Data           1  deal.o(.data)
    fvalue                                   0x1ffff02c   Data           4  deal.o(.data)
    last_value                               0x1ffff030   Data           4  deal.o(.data)
    feror                                    0x1ffff034   Data           4  deal.o(.data)
    last_err                                 0x1ffff038   Data           4  deal.o(.data)
    ad04                                     0x1ffff03c   Data           4  deal.o(.data)
    ad13                                     0x1ffff040   Data           4  deal.o(.data)
    AD_sum                                   0x1ffff044   Data           2  deal.o(.data)
    AD_cha                                   0x1ffff046   Data           2  deal.o(.data)
    AD_he                                    0x1ffff048   Data           2  deal.o(.data)
    ADvalue                                  0x1ffff04c   Data          10  deal.o(.bss)
    AD_Data                                  0x1ffff056   Data          10  deal.o(.bss)
    kp                                       0x1ffff060   Data          12  deal.o(.bss)
    ki                                       0x1ffff06c   Data          12  deal.o(.bss)
    kd                                       0x1ffff078   Data          12  deal.o(.bss)
    __libspace_start                         0x1ffff084   Data          96  libspace.o(.bss)
    __temporary_stack_top$libspace           0x1ffff0e4   Data           0  libspace.o(.bss)



==============================================================================

Memory Map of the image

  Image Entry point : 0x000000c1

  Load Region LR_IROM1 (Base: 0x00000000, Size: 0x00004250, Max: 0x00020000, ABSOLUTE)

    Execution Region ER_IROM1 (Exec base: 0x00000000, Load base: 0x00000000, Size: 0x00004204, Max: 0x00020000, ABSOLUTE)

    Exec Addr    Load Addr    Size         Type   Attr      Idx    E Section Name        Object

    0x00000000   0x00000000   0x000000c0   Data   RO         1815    RESET               startup_skeaz1284.o
    0x000000c0   0x000000c0   0x00000008   Code   RO         2070  * !!!main             c_p.l(__main.o)
    0x000000c8   0x000000c8   0x0000003c   Code   RO         2290    !!!scatter          c_p.l(__scatter.o)
    0x00000104   0x00000104   0x0000001a   Code   RO         2292    !!handler_copy      c_p.l(__scatter_copy.o)
    0x0000011e   0x0000011e   0x00000002   PAD
    0x00000120   0x00000120   0x0000001c   Code   RO         2294    !!handler_zi        c_p.l(__scatter_zi.o)
    0x0000013c   0x0000013c   0x00000002   Code   RO         2057    .ARM.Collect$$_printf_percent$$00000000  c_p.l(_printf_percent.o)
    0x0000013e   0x0000013e   0x0000000a   Code   RO         2056    .ARM.Collect$$_printf_percent$$00000009  c_p.l(_printf_d.o)
    0x00000148   0x00000148   0x0000000a   Code   RO         2055    .ARM.Collect$$_printf_percent$$00000013  c_p.l(_printf_c.o)
    0x00000152   0x00000152   0x00000004   Code   RO         2114    .ARM.Collect$$_printf_percent$$00000017  c_p.l(_printf_percent_end.o)
    0x00000156   0x00000156   0x00000002   Code   RO         2157    .ARM.Collect$$libinit$$00000000  c_p.l(libinit.o)
    0x00000158   0x00000158   0x00000000   Code   RO         2173    .ARM.Collect$$libinit$$00000002  c_p.l(libinit2.o)
    0x00000158   0x00000158   0x00000000   Code   RO         2175    .ARM.Collect$$libinit$$00000004  c_p.l(libinit2.o)
    0x00000158   0x00000158   0x00000000   Code   RO         2178    .ARM.Collect$$libinit$$0000000A  c_p.l(libinit2.o)
    0x00000158   0x00000158   0x00000000   Code   RO         2180    .ARM.Collect$$libinit$$0000000C  c_p.l(libinit2.o)
    0x00000158   0x00000158   0x00000000   Code   RO         2182    .ARM.Collect$$libinit$$0000000E  c_p.l(libinit2.o)
    0x00000158   0x00000158   0x00000000   Code   RO         2185    .ARM.Collect$$libinit$$00000011  c_p.l(libinit2.o)
    0x00000158   0x00000158   0x00000000   Code   RO         2187    .ARM.Collect$$libinit$$00000013  c_p.l(libinit2.o)
    0x00000158   0x00000158   0x00000000   Code   RO         2189    .ARM.Collect$$libinit$$00000015  c_p.l(libinit2.o)
    0x00000158   0x00000158   0x00000000   Code   RO         2191    .ARM.Collect$$libinit$$00000017  c_p.l(libinit2.o)
    0x00000158   0x00000158   0x00000000   Code   RO         2193    .ARM.Collect$$libinit$$00000019  c_p.l(libinit2.o)
    0x00000158   0x00000158   0x00000000   Code   RO         2195    .ARM.Collect$$libinit$$0000001B  c_p.l(libinit2.o)
    0x00000158   0x00000158   0x00000000   Code   RO         2197    .ARM.Collect$$libinit$$0000001D  c_p.l(libinit2.o)
    0x00000158   0x00000158   0x00000000   Code   RO         2199    .ARM.Collect$$libinit$$0000001F  c_p.l(libinit2.o)
    0x00000158   0x00000158   0x00000000   Code   RO         2201    .ARM.Collect$$libinit$$00000021  c_p.l(libinit2.o)
    0x00000158   0x00000158   0x00000000   Code   RO         2203    .ARM.Collect$$libinit$$00000023  c_p.l(libinit2.o)
    0x00000158   0x00000158   0x00000000   Code   RO         2205    .ARM.Collect$$libinit$$00000025  c_p.l(libinit2.o)
    0x00000158   0x00000158   0x00000000   Code   RO         2209    .ARM.Collect$$libinit$$0000002C  c_p.l(libinit2.o)
    0x00000158   0x00000158   0x00000000   Code   RO         2211    .ARM.Collect$$libinit$$0000002E  c_p.l(libinit2.o)
    0x00000158   0x00000158   0x00000000   Code   RO         2213    .ARM.Collect$$libinit$$00000030  c_p.l(libinit2.o)
    0x00000158   0x00000158   0x00000000   Code   RO         2215    .ARM.Collect$$libinit$$00000032  c_p.l(libinit2.o)
    0x00000158   0x00000158   0x00000002   Code   RO         2216    .ARM.Collect$$libinit$$00000033  c_p.l(libinit2.o)
    0x0000015a   0x0000015a   0x00000002   Code   RO         2247    .ARM.Collect$$libshutdown$$00000000  c_p.l(libshutdown.o)
    0x0000015c   0x0000015c   0x00000000   Code   RO         2273    .ARM.Collect$$libshutdown$$00000002  c_p.l(libshutdown2.o)
    0x0000015c   0x0000015c   0x00000000   Code   RO         2275    .ARM.Collect$$libshutdown$$00000004  c_p.l(libshutdown2.o)
    0x0000015c   0x0000015c   0x00000000   Code   RO         2278    .ARM.Collect$$libshutdown$$00000007  c_p.l(libshutdown2.o)
    0x0000015c   0x0000015c   0x00000000   Code   RO         2281    .ARM.Collect$$libshutdown$$0000000A  c_p.l(libshutdown2.o)
    0x0000015c   0x0000015c   0x00000000   Code   RO         2283    .ARM.Collect$$libshutdown$$0000000C  c_p.l(libshutdown2.o)
    0x0000015c   0x0000015c   0x00000000   Code   RO         2286    .ARM.Collect$$libshutdown$$0000000F  c_p.l(libshutdown2.o)
    0x0000015c   0x0000015c   0x00000002   Code   RO         2287    .ARM.Collect$$libshutdown$$00000010  c_p.l(libshutdown2.o)
    0x0000015e   0x0000015e   0x00000000   Code   RO         2101    .ARM.Collect$$rtentry$$00000000  c_p.l(__rtentry.o)
    0x0000015e   0x0000015e   0x00000000   Code   RO         2121    .ARM.Collect$$rtentry$$00000002  c_p.l(__rtentry2.o)
    0x0000015e   0x0000015e   0x00000006   Code   RO         2133    .ARM.Collect$$rtentry$$00000004  c_p.l(__rtentry4.o)
    0x00000164   0x00000164   0x00000000   Code   RO         2123    .ARM.Collect$$rtentry$$00000009  c_p.l(__rtentry2.o)
    0x00000164   0x00000164   0x00000004   Code   RO         2124    .ARM.Collect$$rtentry$$0000000A  c_p.l(__rtentry2.o)
    0x00000168   0x00000168   0x00000000   Code   RO         2126    .ARM.Collect$$rtentry$$0000000C  c_p.l(__rtentry2.o)
    0x00000168   0x00000168   0x00000008   Code   RO         2127    .ARM.Collect$$rtentry$$0000000D  c_p.l(__rtentry2.o)
    0x00000170   0x00000170   0x00000002   Code   RO         2164    .ARM.Collect$$rtexit$$00000000  c_p.l(rtexit.o)
    0x00000172   0x00000172   0x00000000   Code   RO         2220    .ARM.Collect$$rtexit$$00000002  c_p.l(rtexit2.o)
    0x00000172   0x00000172   0x00000004   Code   RO         2221    .ARM.Collect$$rtexit$$00000003  c_p.l(rtexit2.o)
    0x00000176   0x00000176   0x00000006   Code   RO         2222    .ARM.Collect$$rtexit$$00000004  c_p.l(rtexit2.o)
    0x0000017c   0x0000017c   0x00000038   Code   RO         2058    .emb_text           c_p.l(rt_memcpy.o)
    0x000001b4   0x000001b4   0x00000040   Code   RO         1817    .text               startup_skeaz1284.o
    0x000001f4   0x000001f4   0x00000028   Code   RO         2025    .text               c_p.l(noretval__2sprintf.o)
    0x0000021c   0x0000021c   0x0000004e   Code   RO         2029    .text               c_p.l(_printf_pad.o)
    0x0000026a   0x0000026a   0x00000052   Code   RO         2031    .text               c_p.l(_printf_str.o)
    0x000002bc   0x000002bc   0x0000006c   Code   RO         2033    .text               c_p.l(_printf_dec.o)
    0x00000328   0x00000328   0x00000040   Code   RO         2062    .text               c_p.l(rt_memclr.o)
    0x00000368   0x00000368   0x00000006   Code   RO         2068    .text               c_p.l(heapauxi.o)
    0x0000036e   0x0000036e   0x00000002   PAD
    0x00000370   0x00000370   0x0000007c   Code   RO         2072    .text               fz_ps.l(d2f.o)
    0x000003ec   0x000003ec   0x0000000a   Code   RO         2110    .text               c_p.l(_sputc.o)
    0x000003f6   0x000003f6   0x00000002   PAD
    0x000003f8   0x000003f8   0x00000008   Code   RO         2160    .text               c_p.l(libspace.o)
    0x00000400   0x00000400   0x00000010   Code   RO         1816    .ARM.__at_0x400     startup_skeaz1284.o
    0x00000410   0x00000410   0x00000138   Code   RO         2047    .text               c_p.l(__printf_flags_wp.o)
    0x00000548   0x00000548   0x0000015a   Code   RO         2064    .text               c_p.l(aeabi_sdiv.o)
    0x000006a2   0x000006a2   0x00000002   PAD
    0x000006a4   0x000006a4   0x00000358   Code   RO         2074    .text               fz_ps.l(daddsub.o)
    0x000009fc   0x000009fc   0x00000448   Code   RO         2076    .text               fz_ps.l(ddiv.o)
    0x00000e44   0x00000e44   0x00000058   Code   RO         2079    .text               fz_ps.l(dflti.o)
    0x00000e9c   0x00000e9c   0x00000248   Code   RO         2081    .text               fz_ps.l(dmul.o)
    0x000010e4   0x000010e4   0x00000054   Code   RO         2083    .text               fz_ps.l(f2d.o)
    0x00001138   0x00001138   0x0000004c   Code   RO         2091    .text               fz_ps.l(ffixi.o)
    0x00001184   0x00001184   0x00000030   Code   RO         2093    .text               fz_ps.l(ffixui.o)
    0x000011b4   0x000011b4   0x0000005e   Code   RO         2095    .text               fz_ps.l(fflti.o)
    0x00001212   0x00001212   0x000000b0   Code   RO         2106    .text               c_p.l(_printf_intcommon.o)
    0x000012c2   0x000012c2   0x00000002   PAD
    0x000012c4   0x000012c4   0x00000030   Code   RO         2108    .text               c_p.l(_printf_char_common.o)
    0x000012f4   0x000012f4   0x0000002e   Code   RO         2112    .text               c_p.l(_printf_char.o)
    0x00001322   0x00001322   0x00000028   Code   RO         2115    .text               c_p.l(rtudiv10.o)
    0x0000134a   0x0000134a   0x0000003e   Code   RO         2143    .text               c_p.l(sys_stackheap_outer.o)
    0x00001388   0x00001388   0x00000010   Code   RO         2146    .text               c_p.l(exit.o)
    0x00001398   0x00001398   0x0000000c   Code   RO         2217    .text               c_p.l(sys_exit.o)
    0x000013a4   0x000013a4   0x00000002   Code   RO         2236    .text               c_p.l(use_no_semi.o)
    0x000013a6   0x000013a6   0x00000000   Code   RO         2238    .text               c_p.l(indicate_semi.o)
    0x000013a6   0x000013a6   0x00000002   PAD
    0x000013a8   0x000013a8   0x00000034   Code   RO          706    i.ADC_Init          adc.o
    0x000013dc   0x000013dc   0x00000214   Code   RO         1857    i.DirectionControl  deal.o
    0x000015f0   0x000015f0   0x00000018   Code   RO          211    i.FTM0_IRQHandler   isr.o
    0x00001608   0x00001608   0x00000018   Code   RO          212    i.FTM1_IRQHandler   isr.o
    0x00001620   0x00001620   0x00000018   Code   RO          213    i.FTM2_IRQHandler   isr.o
    0x00001638   0x00001638   0x0000008c   Code   RO          864    i.FTM_PWM_Duty      ftm.o
    0x000016c4   0x000016c4   0x000002f0   Code   RO          865    i.FTM_PWM_init      ftm.o
    0x000019b4   0x000019b4   0x00000014   Code   RO          870    i.FTM_count_get     ftm.o
    0x000019c8   0x000019c8   0x0000005c   Code   RO         1943    i.FTM_init          system.o
    0x00001a24   0x00001a24   0x0000002c   Code   RO          214    i.KBI0_IRQHandler   isr.o
    0x00001a50   0x00001a50   0x0000002c   Code   RO          215    i.KBI1_IRQHandler   isr.o
    0x00001a7c   0x00001a7c   0x0000000c   Code   RO          292    i.LCD_DLY_ms        lq12864.o
    0x00001a88   0x00001a88   0x0000003a   Code   RO          293    i.LCD_Fill          lq12864.o
    0x00001ac2   0x00001ac2   0x00000002   PAD
    0x00001ac4   0x00001ac4   0x00000120   Code   RO          294    i.LCD_Init          lq12864.o
    0x00001be4   0x00001be4   0x00000060   Code   RO          296    i.LCD_P6x8Str       lq12864.o
    0x00001c44   0x00001c44   0x00000028   Code   RO          301    i.LCD_Set_Pos       lq12864.o
    0x00001c6c   0x00001c6c   0x0000008c   Code   RO          302    i.LCD_WrCmd         lq12864.o
    0x00001cf8   0x00001cf8   0x00000090   Code   RO          303    i.LCD_WrDat         lq12864.o
    0x00001d88   0x00001d88   0x00000208   Code   RO          448    i.LED_Ctrl          lqled.o
    0x00001f90   0x00001f90   0x00000036   Code   RO          449    i.LED_Init          lqled.o
    0x00001fc6   0x00001fc6   0x00000014   Code   RO         1904    i.Motor_spd         motor.o
    0x00001fda   0x00001fda   0x00000062   Code   RO         1905    i.Motor_speedL      motor.o
    0x0000203c   0x0000203c   0x00000062   Code   RO         1906    i.Motor_speedR      motor.o
    0x0000209e   0x0000209e   0x00000002   PAD
    0x000020a0   0x000020a0   0x00000088   Code   RO          216    i.PIT_CH0_IRQHandler  isr.o
    0x00002128   0x00002128   0x000000a8   Code   RO          217    i.RTC_IRQHandler    isr.o
    0x000021d0   0x000021d0   0x00000028   Code   RO         1693    i.SysTick_delay     systick.o
    0x000021f8   0x000021f8   0x00000058   Code   RO         1826    i.SystemInit        system_skeaz1284.o
    0x00002250   0x00002250   0x00000038   Code   RO          218    i.UART0_IRQHandler  isr.o
    0x00002288   0x00002288   0x00000038   Code   RO          219    i.UART1_IRQHandler  isr.o
    0x000022c0   0x000022c0   0x00000038   Code   RO          220    i.UART2_IRQHandler  isr.o
    0x000022f8   0x000022f8   0x00000024   Code   RO         1561    i.Uart_GetChar      uart.o
    0x0000231c   0x0000231c   0x00000020   Code   RO         1562    i.Uart_SendChar     uart.o
    0x0000233c   0x0000233c   0x0000001e   Code   RO         1563    i.Uart_SendString   uart.o
    0x0000235a   0x0000235a   0x0000001c   Code   RO          441    i.__ARM_common_switch8  lqkey.o
    0x00002376   0x00002376   0x0000000e   Code   RO         2045    i._is_digit         c_p.l(__printf_wp.o)
    0x00002384   0x00002384   0x00000038   Code   RO          709    i.adc_once          adc.o
    0x000023bc   0x000023bc   0x0000001c   Code   RO         1780    i.assert_failed     assert.o
    0x000023d8   0x000023d8   0x00000014   Code   RO         1907    i.car_direct        motor.o
    0x000023ec   0x000023ec   0x00000010   Code   RO         1695    i.delay_us          systick.o
    0x000023fc   0x000023fc   0x00000184   Code   RO         1884    i.getsig            getsig.o
    0x00002580   0x00002580   0x00000078   Code   RO          984    i.gpio_init         gpio.o
    0x000025f8   0x000025f8   0x0000004c   Code   RO          985    i.gpio_set          gpio.o
    0x00002644   0x00002644   0x00000024   Code   RO          986    i.gpio_turn         gpio.o
    0x00002668   0x00002668   0x00000248   Code   RO          492    i.main              main.o
    0x000028b0   0x000028b0   0x0000001a   Code   RO          451    i.time_delay_ms     lqled.o
    0x000028ca   0x000028ca   0x00000002   PAD
    0x000028cc   0x000028cc   0x00000130   Code   RO         1566    i.uart_init         uart.o
    0x000029fc   0x000029fc   0x0000008c   Code   RO         2085    x$fpl$fadd          fz_ps.l(faddsub.o)
    0x00002a88   0x00002a88   0x000000b0   Code   RO         2097    x$fpl$fmul          fz_ps.l(fmul.o)
    0x00002b38   0x00002b38   0x000000d0   Code   RO         2087    x$fpl$fsub          fz_ps.l(faddsub.o)
    0x00002c08   0x00002c08   0x00000000   Code   RO         2119    x$fpl$usenofp       fz_ps.l(usenofp.o)
    0x00002c08   0x00002c08   0x0000001e   Data   RO          221    .constdata          isr.o
    0x00002c26   0x00002c26   0x00001441   Data   RO          304    .constdata          lq12864.o
    0x00004067   0x00004067   0x00000001   PAD
    0x00004068   0x00004068   0x000000e8   Data   RO          494    .constdata          main.o
    0x00004150   0x00004150   0x00000011   Data   RO         2048    .constdata          c_p.l(__printf_flags_wp.o)
    0x00004161   0x00004161   0x00000080   Data   RO         2077    .constdata          fz_ps.l(ddiv.o)
    0x000041e1   0x000041e1   0x00000003   PAD
    0x000041e4   0x000041e4   0x00000020   Data   RO         2288    Region$$Table       anon$$obj.o


    Execution Region RW_IRAM1 (Exec base: 0x1ffff000, Load base: 0x00004204, Size: 0x000001e8, Max: 0x00004000, ABSOLUTE)

    Exec Addr    Load Addr    Size         Type   Attr      Idx    E Section Name        Object

    0x1ffff000   0x00004204   0x00000003   Data   RW          222    .data               isr.o
    0x1ffff003   0x00004207   0x00000001   PAD
    0x1ffff004   0x00004208   0x0000000c   Data   RW          876    .data               ftm.o
    0x1ffff010   0x00004214   0x0000000c   Data   RW          987    .data               gpio.o
    0x1ffff01c   0x00004220   0x0000000c   Data   RW         1567    .data               uart.o
    0x1ffff028   0x0000422c   0x00000022   Data   RW         1859    .data               deal.o
    0x1ffff04a   0x0000424e   0x00000002   PAD
    0x1ffff04c        -       0x00000038   Zero   RW         1858    .bss                deal.o
    0x1ffff084        -       0x00000060   Zero   RW         2161    .bss                c_p.l(libspace.o)
    0x1ffff0e4   0x0000424e   0x00000004   PAD
    0x1ffff0e8        -       0x00000000   Zero   RW         1814    HEAP                startup_skeaz1284.o
    0x1ffff0e8        -       0x00000100   Zero   RW         1813    STACK               startup_skeaz1284.o


==============================================================================

Image component sizes


      Code (inc. data)   RO Data    RW Data    ZI Data      Debug   Object Name

         0          0          0          0          0       6656   8700_2100.o
       108         14          0          0          0      81330   adc.o
        28          4          0          0          0        492   assert.o
       532         60          0         34         56       1746   deal.o
       912         60          0         12          0       4877   ftm.o
       388          0          0          0          0       1133   getsig.o
       232         16          0         12          0       9055   gpio.o
       632        148         30          3          0       4584   isr.o
       778         20       5185          0          0       4352   lq12864.o
        28          0          0          0          0         76   lqkey.o
       600         14          0          0          0       1598   lqled.o
       584         66        232          0          0        991   main.o
       236          0          0          0          0       1895   motor.o
        80         44        192          0        256        876   startup_skeaz1284.o
        92          6          0          0          0        399   system.o
        88         20          0          0          0        417   system_skeaz1284.o
        56          4          0          0          0        863   systick.o
       402         28          0         12          0       2873   uart.o

    ----------------------------------------------------------------------
      5782        504       5672         76        312     124213   Object Totals
         0          0         32          0          0          0   (incl. Generated)
         6          0          1          3          0          0   (incl. Padding)

    ----------------------------------------------------------------------

      Code (inc. data)   RO Data    RW Data    ZI Data      Debug   Library Member Name

         8          0          0          0          0         68   __main.o
       312          6         17          0          0         76   __printf_flags_wp.o
        14          0          0          0          0         60   __printf_wp.o
         0          0          0          0          0          0   __rtentry.o
        12          0          0          0          0          0   __rtentry2.o
         6          0          0          0          0          0   __rtentry4.o
        60          8          0          0          0          0   __scatter.o
        26          0          0          0          0          0   __scatter_copy.o
        28          0          0          0          0          0   __scatter_zi.o
        10          0          0          0          0          0   _printf_c.o
        46          0          0          0          0        100   _printf_char.o
        48          6          0          0          0         88   _printf_char_common.o
        10          0          0          0          0          0   _printf_d.o
       108         18          0          0          0         76   _printf_dec.o
       176          0          0          0          0         84   _printf_intcommon.o
        78          0          0          0          0        100   _printf_pad.o
         2          0          0          0          0          0   _printf_percent.o
         4          0          0          0          0          0   _printf_percent_end.o
        82          0          0          0          0         72   _printf_str.o
        10          0          0          0          0         60   _sputc.o
       346          0          0          0          0         92   aeabi_sdiv.o
        16          0          0          0          0         68   exit.o
         6          0          0          0          0        136   heapauxi.o
         0          0          0          0          0          0   indicate_semi.o
         2          0          0          0          0          0   libinit.o
         2          0          0          0          0          0   libinit2.o
         2          0          0          0          0          0   libshutdown.o
         2          0          0          0          0          0   libshutdown2.o
         8          4          0          0         96         68   libspace.o
        40          4          0          0          0         84   noretval__2sprintf.o
        64          0          0          0          0        108   rt_memclr.o
        56          0          0          0          0         68   rt_memcpy.o
         2          0          0          0          0          0   rtexit.o
        10          0          0          0          0          0   rtexit2.o
        40          0          0          0          0         60   rtudiv10.o
        12          4          0          0          0         60   sys_exit.o
        62          0          0          0          0         80   sys_stackheap_outer.o
         2          0          0          0          0         68   use_no_semi.o
       124          4          0          0          0         72   d2f.o
       856         20          0          0          0        208   daddsub.o
      1096         26        128          0          0        112   ddiv.o
        88          0          0          0          0         92   dflti.o
       584         26          0          0          0         84   dmul.o
        84          4          0          0          0         60   f2d.o
       348          8          0          0          0        160   faddsub.o
        76          0          0          0          0         68   ffixi.o
        48          0          0          0          0         60   ffixui.o
        94          0          0          0          0         92   fflti.o
       176          4          0          0          0         80   fmul.o
         0          0          0          0          0          0   usenofp.o

    ----------------------------------------------------------------------
      5298        142        148          0        100       2764   Library Totals
        12          0          3          0          4          0   (incl. Padding)

    ----------------------------------------------------------------------

      Code (inc. data)   RO Data    RW Data    ZI Data      Debug   Library Name

      1712         50         17          0         96       1676   c_p.l
      3574         92        128          0          0       1088   fz_ps.l

    ----------------------------------------------------------------------
      5298        142        148          0        100       2764   Library Totals

    ----------------------------------------------------------------------

==============================================================================


      Code (inc. data)   RO Data    RW Data    ZI Data      Debug   

     11080        646       5820         76        412     123809   Grand Totals
     11080        646       5820         76        412     123809   ELF Image Totals
     11080        646       5820         76          0          0   ROM Totals

==============================================================================

    Total RO  Size (Code + RO Data)                16900 (  16.50kB)
    Total RW  Size (RW Data + ZI Data)               488 (   0.48kB)
    Total ROM Size (Code + RO Data + RW Data)      16976 (  16.58kB)

==============================================================================

